Logdir /homes/iws/andys22/579/event-horizon/logdir/dreamer_dmc_walker_walk_H5_seed0
Create envs.
Simulate agent.
Encoder CNN shapes: {}
Encoder MLP shapes: {'height': (1,), 'orientations': (14,), 'velocity': (9,)}
Decoder CNN shapes: {}
Decoder MLP shapes: {'height': (1,), 'orientations': (14,), 'velocity': (9,)}
     5,783,040: rssm
       791,052: actor
       853,503: value
       721,407: reward
       656,129: cont
       138,752: encoder
       794,136: decoder
Optimizer has: 9738019 parameters.
Compiling update function with torch.compile...
Evaluating the policy...
[0] episode/eval_score 22.2 / episode/eval_length 500.0
[224] train/opt/updates 0.0 / fps/fps 0.0
[5248] train/dyn_entropy 22.0 / train/rep_entropy 20.4 / train/ret 0.9 / train/ret_005 66.9 / train/ret_095 70.1 / train/adv 0.1 / train/adv_std 0.2 / train/con 1.0 / train/rew 0.1 / train/val 69.5 / train/tar 69.8 / train/slowval 68.5 / train/weight 1.0 / train/action_entropy -4.1 / train/action_mean -0.0 / train/action_std 0.7 / train/action_min -1.4 / train/action_max 1.3 / train/ret_replay_mean 68.8 / train/ret_replay_std 0.8 / train/ret_replay_min 67.1 / train/ret_replay_max 70.4 / train/value_replay_mean 68.5 / train/value_replay_std 0.7 / train/value_replay_min 67.2 / train/value_replay_max 70.1 / train/slow_value_replay_mean 67.5 / train/slow_value_replay_std 0.9 / train/slow_value_replay_min 65.6 / train/slow_value_replay_max 68.9 / train/loss/dyn 1.2 / train/loss/rep 1.2 / train/loss/height 0.0 / train/loss/orientations 0.1 / train/loss/velocity 0.3 / train/loss/rew 0.6 / train/loss/con 0.0 / train/loss/policy -0.4 / train/loss/value 0.6 / train/loss/repval 0.8 / train/opt/loss 2.7 / train/opt/lr 0.0 / train/opt/grad_scale 16384.0 / train/opt/updates 15975.0 / fps/fps 13.6
Evaluating the policy...
[10016] episode/eval_score 156.8 / episode/eval_length 500.0
[10240] train/dyn_entropy 19.6 / train/rep_entropy 17.4 / train/ret 0.4 / train/ret_005 123.4 / train/ret_095 128.8 / train/adv -0.0 / train/adv_std 0.1 / train/con 1.0 / train/rew 0.2 / train/val 125.6 / train/tar 125.3 / train/slowval 126.1 / train/weight 1.0 / train/action_entropy -4.5 / train/action_mean -0.0 / train/action_std 0.7 / train/action_min -1.3 / train/action_max 1.4 / train/ret_replay_mean 123.1 / train/ret_replay_std 1.3 / train/ret_replay_min 120.4 / train/ret_replay_max 125.8 / train/value_replay_mean 123.6 / train/value_replay_std 1.5 / train/value_replay_min 121.4 / train/value_replay_max 126.9 / train/slow_value_replay_mean 124.1 / train/slow_value_replay_std 1.5 / train/slow_value_replay_min 121.9 / train/slow_value_replay_max 127.5 / train/loss/dyn 1.7 / train/loss/rep 1.7 / train/loss/height 0.0 / train/loss/orientations 0.2 / train/loss/velocity 0.4 / train/loss/rew 0.6 / train/loss/con 0.0 / train/loss/policy 0.2 / train/loss/value 1.1 / train/loss/repval 1.3 / train/opt/loss 4.8 / train/opt/lr 0.0 / train/opt/grad_scale 16384.0 / train/opt/updates 31949.0 / fps/fps 14.8
[15232] train/dyn_entropy 18.0 / train/rep_entropy 16.2 / train/ret 0.4 / train/ret_005 191.8 / train/ret_095 206.5 / train/adv -0.0 / train/adv_std 0.1 / train/con 1.0 / train/rew 0.2 / train/val 198.8 / train/tar 198.1 / train/slowval 200.0 / train/weight 1.0 / train/action_entropy -4.8 / train/action_mean 0.2 / train/action_std 0.7 / train/action_min -1.2 / train/action_max 1.3 / train/ret_replay_mean 194.6 / train/ret_replay_std 5.7 / train/ret_replay_min 186.5 / train/ret_replay_max 204.5 / train/value_replay_mean 195.6 / train/value_replay_std 5.7 / train/value_replay_min 188.4 / train/value_replay_max 206.3 / train/slow_value_replay_mean 196.8 / train/slow_value_replay_std 5.6 / train/slow_value_replay_min 189.9 / train/slow_value_replay_max 207.0 / train/loss/dyn 1.3 / train/loss/rep 1.3 / train/loss/height 0.0 / train/loss/orientations 0.1 / train/loss/velocity 0.3 / train/loss/rew 0.5 / train/loss/con 0.0 / train/loss/policy 0.2 / train/loss/value 1.2 / train/loss/repval 1.3 / train/opt/loss 4.1 / train/opt/lr 0.0 / train/opt/grad_scale 16384.0 / train/opt/updates 47924.0 / fps/fps 15.1
[16000] episode/score 64.0 / episode/length 500.0
[16001] episode/score 89.0 / episode/length 500.0
[16002] episode/score 103.8 / episode/length 500.0
[16003] episode/score 88.4 / episode/length 500.0
[16004] episode/score 51.3 / episode/length 500.0
[16005] episode/score 124.1 / episode/length 500.0
[16006] episode/score 85.8 / episode/length 500.0
[16007] episode/score 133.6 / episode/length 500.0
[16008] episode/score 96.2 / episode/length 500.0
[16009] episode/score 103.4 / episode/length 500.0
[16010] episode/score 55.2 / episode/length 500.0
[16011] episode/score 60.4 / episode/length 500.0
[16012] episode/score 95.1 / episode/length 500.0
[16013] episode/score 51.6 / episode/length 500.0
[16014] episode/score 53.9 / episode/length 500.0
[16015] episode/score 75.9 / episode/length 500.0
Evaluating the policy...
[20000] episode/eval_score 27.5 / episode/eval_length 500.0
[20224] train/dyn_entropy 18.9 / train/rep_entropy 16.2 / train/ret 0.3 / train/ret_005 185.3 / train/ret_095 214.4 / train/adv -0.0 / train/adv_std 0.1 / train/con 1.0 / train/rew 0.2 / train/val 195.8 / train/tar 195.1 / train/slowval 196.8 / train/weight 1.0 / train/action_entropy -5.0 / train/action_mean -0.1 / train/action_std 0.7 / train/action_min -1.3 / train/action_max 1.3 / train/ret_replay_mean 190.7 / train/ret_replay_std 12.2 / train/ret_replay_min 179.2 / train/ret_replay_max 212.4 / train/value_replay_mean 193.1 / train/value_replay_std 11.0 / train/value_replay_min 183.0 / train/value_replay_max 211.6 / train/slow_value_replay_mean 193.9 / train/slow_value_replay_std 11.1 / train/slow_value_replay_min 183.5 / train/slow_value_replay_max 212.3 / train/loss/dyn 2.4 / train/loss/rep 2.4 / train/loss/height 0.0 / train/loss/orientations 0.3 / train/loss/velocity 0.5 / train/loss/rew 0.6 / train/loss/con 0.0 / train/loss/policy 0.1 / train/loss/value 0.9 / train/loss/repval 0.8 / train/opt/loss 5.1 / train/opt/lr 0.0 / train/opt/grad_scale 8192.0 / train/opt/updates 63898.0 / fps/fps 14.7
[25248] train/dyn_entropy 18.1 / train/rep_entropy 16.2 / train/ret 0.3 / train/ret_005 173.4 / train/ret_095 222.4 / train/adv 0.1 / train/adv_std 0.2 / train/con 1.0 / train/rew 0.1 / train/val 187.6 / train/tar 189.8 / train/slowval 185.2 / train/weight 1.0 / train/action_entropy -4.7 / train/action_mean -0.2 / train/action_std 0.7 / train/action_min -1.6 / train/action_max 1.6 / train/ret_replay_mean 181.6 / train/ret_replay_std 11.3 / train/ret_replay_min 172.6 / train/ret_replay_max 218.0 / train/value_replay_mean 181.3 / train/value_replay_std 10.8 / train/value_replay_min 171.1 / train/value_replay_max 220.6 / train/slow_value_replay_mean 179.3 / train/slow_value_replay_std 10.9 / train/slow_value_replay_min 169.3 / train/slow_value_replay_max 220.3 / train/loss/dyn 1.8 / train/loss/rep 1.8 / train/loss/height 0.0 / train/loss/orientations 0.1 / train/loss/velocity 0.4 / train/loss/rew 0.5 / train/loss/con 0.0 / train/loss/policy -0.2 / train/loss/value 1.1 / train/loss/repval 1.1 / train/opt/loss 4.2 / train/opt/lr 0.0 / train/opt/grad_scale 8192.0 / train/opt/updates 79975.0 / fps/fps 15.2
Evaluating the policy...
[30016] episode/eval_score 155.1 / episode/eval_length 500.0
[30240] train/dyn_entropy 18.1 / train/rep_entropy 16.2 / train/ret 0.7 / train/ret_005 191.8 / train/ret_095 214.0 / train/adv 0.1 / train/adv_std 0.1 / train/con 1.0 / train/rew 0.3 / train/val 206.0 / train/tar 207.1 / train/slowval 205.0 / train/weight 1.0 / train/action_entropy -5.0 / train/action_mean -0.0 / train/action_std 0.7 / train/action_min -1.3 / train/action_max 1.6 / train/ret_replay_mean 203.9 / train/ret_replay_std 6.1 / train/ret_replay_min 191.7 / train/ret_replay_max 212.7 / train/value_replay_mean 201.3 / train/value_replay_std 6.7 / train/value_replay_min 189.3 / train/value_replay_max 211.5 / train/slow_value_replay_mean 200.2 / train/slow_value_replay_std 7.1 / train/slow_value_replay_min 188.1 / train/slow_value_replay_max 211.1 / train/loss/dyn 1.6 / train/loss/rep 1.6 / train/loss/height 0.0 / train/loss/orientations 0.2 / train/loss/velocity 0.4 / train/loss/rew 0.6 / train/loss/con 0.0 / train/loss/policy -0.3 / train/loss/value 0.8 / train/loss/repval 1.0 / train/opt/loss 3.7 / train/opt/lr 0.0 / train/opt/grad_scale 4096.0 / train/opt/updates 95949.0 / fps/fps 14.9
[32000] episode/score 168.9 / episode/length 500.0
[32001] episode/score 88.2 / episode/length 500.0
[32002] episode/score 184.5 / episode/length 500.0
[32003] episode/score 93.2 / episode/length 500.0
[32004] episode/score 52.2 / episode/length 500.0
[32005] episode/score 63.8 / episode/length 500.0
[32006] episode/score 76.3 / episode/length 500.0
[32007] episode/score 85.1 / episode/length 500.0
[32008] episode/score 57.5 / episode/length 500.0
[32009] episode/score 116.7 / episode/length 500.0
[32010] episode/score 63.5 / episode/length 500.0
[32011] episode/score 64.2 / episode/length 500.0
[32012] episode/score 136.0 / episode/length 500.0
[32013] episode/score 121.1 / episode/length 500.0
[32014] episode/score 132.3 / episode/length 500.0
[32015] episode/score 54.5 / episode/length 500.0
[35232] train/dyn_entropy 17.7 / train/rep_entropy 15.6 / train/ret 0.6 / train/ret_005 214.9 / train/ret_095 235.2 / train/adv 0.0 / train/adv_std 0.1 / train/con 1.0 / train/rew 0.3 / train/val 226.9 / train/tar 227.1 / train/slowval 226.1 / train/weight 1.0 / train/action_entropy -5.1 / train/action_mean -0.1 / train/action_std 0.7 / train/action_min -1.3 / train/action_max 1.4 / train/ret_replay_mean 222.3 / train/ret_replay_std 7.0 / train/ret_replay_min 213.5 / train/ret_replay_max 238.6 / train/value_replay_mean 222.8 / train/value_replay_std 5.4 / train/value_replay_min 214.8 / train/value_replay_max 234.2 / train/slow_value_replay_mean 222.1 / train/slow_value_replay_std 5.4 / train/slow_value_replay_min 214.5 / train/slow_value_replay_max 233.8 / train/loss/dyn 2.3 / train/loss/rep 2.3 / train/loss/height 0.0 / train/loss/orientations 0.2 / train/loss/velocity 0.4 / train/loss/rew 0.5 / train/loss/con 0.0 / train/loss/policy -0.1 / train/loss/value 1.3 / train/loss/repval 1.2 / train/opt/loss 5.0 / train/opt/lr 0.0 / train/opt/grad_scale 4096.0 / train/opt/updates 111924.0 / fps/fps 14.9
Evaluating the policy...
[40000] episode/eval_score 147.1 / episode/eval_length 500.0
[40224] train/dyn_entropy 17.9 / train/rep_entropy 16.2 / train/ret 0.5 / train/ret_005 216.6 / train/ret_095 247.0 / train/adv 0.0 / train/adv_std 0.2 / train/con 1.0 / train/rew 0.3 / train/val 231.1 / train/tar 231.4 / train/slowval 231.4 / train/weight 1.0 / train/action_entropy -5.0 / train/action_mean -0.0 / train/action_std 0.7 / train/action_min -1.4 / train/action_max 1.4 / train/ret_replay_mean 225.0 / train/ret_replay_std 11.9 / train/ret_replay_min 211.3 / train/ret_replay_max 247.5 / train/value_replay_mean 226.8 / train/value_replay_std 10.1 / train/value_replay_min 215.5 / train/value_replay_max 245.0 / train/slow_value_replay_mean 227.2 / train/slow_value_replay_std 9.6 / train/slow_value_replay_min 216.1 / train/slow_value_replay_max 244.4 / train/loss/dyn 1.3 / train/loss/rep 1.3 / train/loss/height 0.0 / train/loss/orientations 0.1 / train/loss/velocity 0.3 / train/loss/rew 0.5 / train/loss/con 0.0 / train/loss/policy -0.1 / train/loss/value 1.0 / train/loss/repval 1.0 / train/opt/loss 3.6 / train/opt/lr 0.0 / train/opt/grad_scale 4096.0 / train/opt/updates 127898.0 / fps/fps 14.6
[45248] train/dyn_entropy 18.4 / train/rep_entropy 16.5 / train/ret 0.6 / train/ret_005 194.9 / train/ret_095 221.1 / train/adv -0.0 / train/adv_std 0.1 / train/con 1.0 / train/rew 0.3 / train/val 210.1 / train/tar 209.9 / train/slowval 209.9 / train/weight 1.0 / train/action_entropy -5.1 / train/action_mean -0.1 / train/action_std 0.7 / train/action_min -1.3 / train/action_max 1.3 / train/ret_replay_mean 205.9 / train/ret_replay_std 8.5 / train/ret_replay_min 193.7 / train/ret_replay_max 218.6 / train/value_replay_mean 206.6 / train/value_replay_std 7.9 / train/value_replay_min 194.4 / train/value_replay_max 218.2 / train/slow_value_replay_mean 206.4 / train/slow_value_replay_std 7.6 / train/slow_value_replay_min 194.8 / train/slow_value_replay_max 217.6 / train/loss/dyn 1.5 / train/loss/rep 1.5 / train/loss/height 0.0 / train/loss/orientations 0.2 / train/loss/velocity 0.3 / train/loss/rew 0.6 / train/loss/con 0.0 / train/loss/policy 0.0 / train/loss/value 0.9 / train/loss/repval 1.0 / train/opt/loss 3.9 / train/opt/lr 0.0 / train/opt/grad_scale 4096.0 / train/opt/updates 143975.0 / fps/fps 15.2
[48000] episode/score 76.6 / episode/length 500.0
[48001] episode/score 215.9 / episode/length 500.0
[48002] episode/score 143.7 / episode/length 500.0
[48003] episode/score 116.5 / episode/length 500.0
[48004] episode/score 123.2 / episode/length 500.0
[48005] episode/score 83.5 / episode/length 500.0
[48006] episode/score 100.8 / episode/length 500.0
[48007] episode/score 222.2 / episode/length 500.0
[48008] episode/score 241.3 / episode/length 500.0
[48009] episode/score 216.3 / episode/length 500.0
[48010] episode/score 157.1 / episode/length 500.0
[48011] episode/score 139.6 / episode/length 500.0
[48012] episode/score 203.9 / episode/length 500.0
[48013] episode/score 167.1 / episode/length 500.0
[48014] episode/score 162.8 / episode/length 500.0
[48015] episode/score 132.1 / episode/length 500.0
Evaluating the policy...
[50016] episode/eval_score 235.0 / episode/eval_length 500.0
[50240] train/dyn_entropy 19.1 / train/rep_entropy 17.2 / train/ret 0.6 / train/ret_005 230.6 / train/ret_095 246.0 / train/adv 0.0 / train/adv_std 0.2 / train/con 1.0 / train/rew 0.5 / train/val 239.7 / train/tar 239.8 / train/slowval 239.8 / train/weight 1.0 / train/action_entropy -5.1 / train/action_mean 0.0 / train/action_std 0.8 / train/action_min -1.4 / train/action_max 1.4 / train/ret_replay_mean 237.0 / train/ret_replay_std 5.3 / train/ret_replay_min 229.3 / train/ret_replay_max 249.0 / train/value_replay_mean 236.0 / train/value_replay_std 4.5 / train/value_replay_min 228.7 / train/value_replay_max 246.0 / train/slow_value_replay_mean 236.0 / train/slow_value_replay_std 4.6 / train/slow_value_replay_min 228.5 / train/slow_value_replay_max 247.0 / train/loss/dyn 1.5 / train/loss/rep 1.5 / train/loss/height 0.0 / train/loss/orientations 0.1 / train/loss/velocity 0.4 / train/loss/rew 0.6 / train/loss/con 0.0 / train/loss/policy -0.1 / train/loss/value 0.9 / train/loss/repval 1.1 / train/opt/loss 3.8 / train/opt/lr 0.0 / train/opt/grad_scale 2048.0 / train/opt/updates 159949.0 / fps/fps 14.8
[55232] train/dyn_entropy 21.1 / train/rep_entropy 18.6 / train/ret 0.6 / train/ret_005 233.1 / train/ret_095 248.2 / train/adv 0.0 / train/adv_std 0.1 / train/con 1.0 / train/rew 0.3 / train/val 242.1 / train/tar 242.1 / train/slowval 242.0 / train/weight 1.0 / train/action_entropy -5.2 / train/action_mean 0.0 / train/action_std 0.8 / train/action_min -1.4 / train/action_max 1.4 / train/ret_replay_mean 238.1 / train/ret_replay_std 3.8 / train/ret_replay_min 233.2 / train/ret_replay_max 249.2 / train/value_replay_mean 238.2 / train/value_replay_std 4.3 / train/value_replay_min 231.6 / train/value_replay_max 246.6 / train/slow_value_replay_mean 238.0 / train/slow_value_replay_std 4.4 / train/slow_value_replay_min 231.4 / train/slow_value_replay_max 246.5 / train/loss/dyn 2.9 / train/loss/rep 2.9 / train/loss/height 0.0 / train/loss/orientations 0.2 / train/loss/velocity 0.5 / train/loss/rew 0.6 / train/loss/con 0.0 / train/loss/policy -0.1 / train/loss/value 0.7 / train/loss/repval 1.0 / train/opt/loss 5.3 / train/opt/lr 0.0 / train/opt/grad_scale 4096.0 / train/opt/updates 175924.0 / fps/fps 15.4
Evaluating the policy...
[60000] episode/eval_score 257.0 / episode/eval_length 500.0
[60224] train/dyn_entropy 20.1 / train/rep_entropy 18.0 / train/ret 0.7 / train/ret_005 248.1 / train/ret_095 267.7 / train/adv 0.0 / train/adv_std 0.1 / train/con 1.0 / train/rew 0.5 / train/val 262.0 / train/tar 262.4 / train/slowval 260.9 / train/weight 1.0 / train/action_entropy -5.2 / train/action_mean 0.0 / train/action_std 0.8 / train/action_min -1.3 / train/action_max 1.3 / train/ret_replay_mean 258.9 / train/ret_replay_std 6.6 / train/ret_replay_min 245.2 / train/ret_replay_max 269.6 / train/value_replay_mean 258.1 / train/value_replay_std 5.7 / train/value_replay_min 247.7 / train/value_replay_max 268.1 / train/slow_value_replay_mean 257.1 / train/slow_value_replay_std 5.6 / train/slow_value_replay_min 247.2 / train/slow_value_replay_max 267.0 / train/loss/dyn 1.8 / train/loss/rep 1.8 / train/loss/height 0.0 / train/loss/orientations 0.2 / train/loss/velocity 0.4 / train/loss/rew 0.6 / train/loss/con 0.0 / train/loss/policy -0.1 / train/loss/value 1.2 / train/loss/repval 1.1 / train/opt/loss 4.5 / train/opt/lr 0.0 / train/opt/grad_scale 4096.0 / train/opt/updates 191898.0 / fps/fps 15.1
[64000] episode/score 303.6 / episode/length 500.0
[64001] episode/score 255.7 / episode/length 500.0
[64002] episode/score 152.4 / episode/length 500.0
[64003] episode/score 196.2 / episode/length 500.0
[64004] episode/score 190.5 / episode/length 500.0
[64005] episode/score 214.4 / episode/length 500.0
[64006] episode/score 219.2 / episode/length 500.0
[64007] episode/score 214.8 / episode/length 500.0
[64008] episode/score 256.1 / episode/length 500.0
[64009] episode/score 267.9 / episode/length 500.0
[64010] episode/score 235.4 / episode/length 500.0
[64011] episode/score 302.6 / episode/length 500.0
[64012] episode/score 163.8 / episode/length 500.0
[64013] episode/score 226.1 / episode/length 500.0
[64014] episode/score 202.2 / episode/length 500.0
[64015] episode/score 162.3 / episode/length 500.0
[65248] train/dyn_entropy 20.2 / train/rep_entropy 18.4 / train/ret 0.6 / train/ret_005 270.1 / train/ret_095 294.9 / train/adv 0.0 / train/adv_std 0.1 / train/con 1.0 / train/rew 0.4 / train/val 283.6 / train/tar 284.3 / train/slowval 283.2 / train/weight 1.0 / train/action_entropy -5.2 / train/action_mean -0.0 / train/action_std 0.8 / train/action_min -1.3 / train/action_max 1.3 / train/ret_replay_mean 278.9 / train/ret_replay_std 9.3 / train/ret_replay_min 263.1 / train/ret_replay_max 298.6 / train/value_replay_mean 278.1 / train/value_replay_std 7.3 / train/value_replay_min 265.4 / train/value_replay_max 296.5 / train/slow_value_replay_mean 277.7 / train/slow_value_replay_std 7.9 / train/slow_value_replay_min 264.7 / train/slow_value_replay_max 296.9 / train/loss/dyn 1.3 / train/loss/rep 1.3 / train/loss/height 0.0 / train/loss/orientations 0.1 / train/loss/velocity 0.3 / train/loss/rew 0.5 / train/loss/con 0.0 / train/loss/policy -0.2 / train/loss/value 0.8 / train/loss/repval 1.1 / train/opt/loss 3.4 / train/opt/lr 0.0 / train/opt/grad_scale 4096.0 / train/opt/updates 207975.0 / fps/fps 15.3
Evaluating the policy...
[70016] episode/eval_score 266.0 / episode/eval_length 500.0
[70240] train/dyn_entropy 20.7 / train/rep_entropy 19.3 / train/ret 0.6 / train/ret_005 270.1 / train/ret_095 290.0 / train/adv 0.0 / train/adv_std 0.1 / train/con 1.0 / train/rew 0.4 / train/val 282.5 / train/tar 282.9 / train/slowval 282.9 / train/weight 1.0 / train/action_entropy -5.2 / train/action_mean -0.0 / train/action_std 0.8 / train/action_min -1.3 / train/action_max 1.3 / train/ret_replay_mean 277.5 / train/ret_replay_std 6.7 / train/ret_replay_min 265.7 / train/ret_replay_max 287.4 / train/value_replay_mean 277.7 / train/value_replay_std 6.4 / train/value_replay_min 267.8 / train/value_replay_max 288.1 / train/slow_value_replay_mean 278.0 / train/slow_value_replay_std 6.3 / train/slow_value_replay_min 268.2 / train/slow_value_replay_max 288.4 / train/loss/dyn 1.3 / train/loss/rep 1.3 / train/loss/height 0.0 / train/loss/orientations 0.1 / train/loss/velocity 0.3 / train/loss/rew 0.6 / train/loss/con 0.0 / train/loss/policy -0.1 / train/loss/value 0.7 / train/loss/repval 1.0 / train/opt/loss 3.4 / train/opt/lr 0.0 / train/opt/grad_scale 4096.0 / train/opt/updates 223949.0 / fps/fps 14.8
[75232] train/dyn_entropy 20.5 / train/rep_entropy 18.8 / train/ret 0.6 / train/ret_005 276.9 / train/ret_095 297.8 / train/adv 0.0 / train/adv_std 0.2 / train/con 1.0 / train/rew 0.4 / train/val 289.7 / train/tar 289.9 / train/slowval 289.6 / train/weight 1.0 / train/action_entropy -5.2 / train/action_mean 0.0 / train/action_std 0.8 / train/action_min -1.3 / train/action_max 1.3 / train/ret_replay_mean 284.0 / train/ret_replay_std 6.4 / train/ret_replay_min 267.7 / train/ret_replay_max 294.4 / train/value_replay_mean 284.0 / train/value_replay_std 5.2 / train/value_replay_min 274.4 / train/value_replay_max 292.1 / train/slow_value_replay_mean 284.0 / train/slow_value_replay_std 5.3 / train/slow_value_replay_min 274.1 / train/slow_value_replay_max 291.9 / train/loss/dyn 1.5 / train/loss/rep 1.5 / train/loss/height 0.0 / train/loss/orientations 0.1 / train/loss/velocity 0.4 / train/loss/rew 0.5 / train/loss/con 0.0 / train/loss/policy -0.1 / train/loss/value 0.7 / train/loss/repval 0.7 / train/opt/loss 3.4 / train/opt/lr 0.0 / train/opt/grad_scale 8192.0 / train/opt/updates 239924.0 / fps/fps 15.3
Evaluating the policy...
[80000] episode/eval_score 277.8 / episode/eval_length 500.0
[80000] episode/score 238.3 / episode/length 500.0
[80001] episode/score 189.7 / episode/length 500.0
[80002] episode/score 259.7 / episode/length 500.0
[80003] episode/score 324.2 / episode/length 500.0
[80004] episode/score 294.9 / episode/length 500.0
[80005] episode/score 186.2 / episode/length 500.0
[80006] episode/score 304.3 / episode/length 500.0
[80007] episode/score 276.5 / episode/length 500.0
[80008] episode/score 232.0 / episode/length 500.0
[80009] episode/score 238.5 / episode/length 500.0
[80010] episode/score 339.5 / episode/length 500.0
[80011] episode/score 196.3 / episode/length 500.0
[80012] episode/score 216.2 / episode/length 500.0
[80013] episode/score 321.7 / episode/length 500.0
[80014] episode/score 299.5 / episode/length 500.0
[80015] episode/score 245.3 / episode/length 500.0
[80224] train/dyn_entropy 19.7 / train/rep_entropy 18.1 / train/ret 0.6 / train/ret_005 269.3 / train/ret_095 285.2 / train/adv 0.0 / train/adv_std 0.2 / train/con 1.0 / train/rew 0.5 / train/val 278.1 / train/tar 278.2 / train/slowval 277.6 / train/weight 1.0 / train/action_entropy -5.1 / train/action_mean 0.0 / train/action_std 0.8 / train/action_min -1.6 / train/action_max 1.7 / train/ret_replay_mean 275.5 / train/ret_replay_std 6.0 / train/ret_replay_min 265.3 / train/ret_replay_max 288.5 / train/value_replay_mean 273.9 / train/value_replay_std 4.3 / train/value_replay_min 266.7 / train/value_replay_max 282.7 / train/slow_value_replay_mean 273.4 / train/slow_value_replay_std 4.3 / train/slow_value_replay_min 266.2 / train/slow_value_replay_max 282.0 / train/loss/dyn 1.6 / train/loss/rep 1.6 / train/loss/height 0.0 / train/loss/orientations 0.2 / train/loss/velocity 0.4 / train/loss/rew 0.5 / train/loss/con 0.0 / train/loss/policy -0.1 / train/loss/value 1.1 / train/loss/repval 1.2 / train/opt/loss 4.2 / train/opt/lr 0.0 / train/opt/grad_scale 4096.0 / train/opt/updates 255898.0 / fps/fps 15.0
