Logdir /homes/iws/andys22/579/event-horizon/logdir/dreamer_dmc_walker_walk_H30_seed0
Create envs.
Logdir /homes/iws/andys22/579/event-horizon/logdir/dreamer_dmc_walker_walk_H30_seed0
Create envs.
Simulate agent.
Encoder CNN shapes: {}
Encoder MLP shapes: {'height': (1,), 'orientations': (14,), 'velocity': (9,)}
Decoder CNN shapes: {}
Decoder MLP shapes: {'height': (1,), 'orientations': (14,), 'velocity': (9,)}
     5,783,040: rssm
       791,052: actor
       853,503: value
       721,407: reward
       656,129: cont
       138,752: encoder
       794,136: decoder
Optimizer has: 9738019 parameters.
Compiling update function with torch.compile...
Evaluating the policy...
[0] episode/eval_score 22.2 / episode/eval_length 500.0
[1024] train/opt/updates 0.0 / fps/fps 0.0
