Logdir /homes/iws/andys22/579/event-horizon/logdir/dreamer_dmc_walker_walk_H15_seed0
Create envs.
Simulate agent.
Encoder CNN shapes: {}
Encoder MLP shapes: {'height': (1,), 'orientations': (14,), 'velocity': (9,)}
Decoder CNN shapes: {}
Decoder MLP shapes: {'height': (1,), 'orientations': (14,), 'velocity': (9,)}
     5,783,040: rssm
       791,052: actor
       853,503: value
       721,407: reward
       656,129: cont
       138,752: encoder
       794,136: decoder
Optimizer has: 9738019 parameters.
Compiling update function with torch.compile...
Evaluating the policy...
[0] episode/eval_score 22.2 / episode/eval_length 500.0
[544] train/opt/updates 0.0 / fps/fps 0.0
[5568] train/dyn_entropy 35.4 / train/rep_entropy 33.3 / train/ret 0.9 / train/ret_005 35.2 / train/ret_095 36.6 / train/adv 0.4 / train/adv_std 0.2 / train/con 1.0 / train/rew 0.2 / train/val 35.9 / train/tar 36.4 / train/slowval 35.6 / train/weight 1.0 / train/action_entropy -3.1 / train/action_mean 0.1 / train/action_std 0.5 / train/action_min -1.7 / train/action_max 1.9 / train/ret_replay_mean 36.1 / train/ret_replay_std 0.5 / train/ret_replay_min 35.0 / train/ret_replay_max 37.2 / train/value_replay_mean 35.7 / train/value_replay_std 0.2 / train/value_replay_min 35.0 / train/value_replay_max 36.0 / train/slow_value_replay_mean 35.5 / train/slow_value_replay_std 0.2 / train/slow_value_replay_min 34.6 / train/slow_value_replay_max 35.8 / train/loss/dyn 1.7 / train/loss/rep 1.7 / train/loss/height 0.0 / train/loss/orientations 0.3 / train/loss/velocity 0.6 / train/loss/rew 0.6 / train/loss/con 0.0 / train/loss/policy -1.2 / train/loss/value 0.7 / train/loss/repval 0.8 / train/opt/loss 3.0 / train/opt/lr 0.0 / train/opt/grad_scale 16384.0 / train/opt/updates 5325.0 / fps/fps 16.3
Evaluating the policy...
[10016] episode/eval_score 47.4 / episode/eval_length 500.0
[10560] train/dyn_entropy 29.2 / train/rep_entropy 26.5 / train/ret 0.7 / train/ret_005 57.5 / train/ret_095 61.3 / train/adv 0.1 / train/adv_std 0.2 / train/con 1.0 / train/rew 0.1 / train/val 59.5 / train/tar 60.0 / train/slowval 58.9 / train/weight 1.0 / train/action_entropy -4.6 / train/action_mean -0.2 / train/action_std 0.6 / train/action_min -1.4 / train/action_max 1.4 / train/ret_replay_mean 58.7 / train/ret_replay_std 1.4 / train/ret_replay_min 56.5 / train/ret_replay_max 62.1 / train/value_replay_mean 58.4 / train/value_replay_std 1.0 / train/value_replay_min 56.0 / train/value_replay_max 62.2 / train/slow_value_replay_mean 57.8 / train/slow_value_replay_std 0.9 / train/slow_value_replay_min 55.1 / train/slow_value_replay_max 60.4 / train/loss/dyn 2.2 / train/loss/rep 2.2 / train/loss/height 0.0 / train/loss/orientations 0.2 / train/loss/velocity 0.5 / train/loss/rew 0.6 / train/loss/con 0.0 / train/loss/policy -0.7 / train/loss/value 0.6 / train/loss/repval 0.8 / train/opt/loss 4.0 / train/opt/lr 0.0 / train/opt/grad_scale 16384.0 / train/opt/updates 10650.0 / fps/fps 32.0
[15552] train/dyn_entropy 26.7 / train/rep_entropy 24.0 / train/ret 0.7 / train/ret_005 89.4 / train/ret_095 98.2 / train/adv 0.0 / train/adv_std 0.1 / train/con 1.0 / train/rew 0.2 / train/val 95.1 / train/tar 95.4 / train/slowval 94.6 / train/weight 1.0 / train/action_entropy -4.9 / train/action_mean -0.2 / train/action_std 0.6 / train/action_min -1.4 / train/action_max 1.3 / train/ret_replay_mean 93.7 / train/ret_replay_std 4.1 / train/ret_replay_min 86.0 / train/ret_replay_max 100.4 / train/value_replay_mean 93.7 / train/value_replay_std 2.9 / train/value_replay_min 87.8 / train/value_replay_max 98.3 / train/slow_value_replay_mean 93.3 / train/slow_value_replay_std 3.0 / train/slow_value_replay_min 86.9 / train/slow_value_replay_max 97.8 / train/loss/dyn 2.8 / train/loss/rep 2.8 / train/loss/height 0.0 / train/loss/orientations 0.2 / train/loss/velocity 0.6 / train/loss/rew 0.6 / train/loss/con 0.0 / train/loss/policy -0.2 / train/loss/value 0.8 / train/loss/repval 0.7 / train/opt/loss 5.3 / train/opt/lr 0.0 / train/opt/grad_scale 16384.0 / train/opt/updates 15975.0 / fps/fps 32.5
[16000] episode/score 62.1 / episode/length 500.0
[16001] episode/score 44.9 / episode/length 500.0
[16002] episode/score 112.8 / episode/length 500.0
[16003] episode/score 42.9 / episode/length 500.0
[16004] episode/score 65.4 / episode/length 500.0
[16005] episode/score 33.0 / episode/length 500.0
[16006] episode/score 50.9 / episode/length 500.0
[16007] episode/score 42.4 / episode/length 500.0
[16008] episode/score 54.1 / episode/length 500.0
[16009] episode/score 34.9 / episode/length 500.0
[16010] episode/score 54.7 / episode/length 500.0
[16011] episode/score 77.5 / episode/length 500.0
[16012] episode/score 39.0 / episode/length 500.0
[16013] episode/score 63.0 / episode/length 500.0
[16014] episode/score 36.4 / episode/length 500.0
[16015] episode/score 58.7 / episode/length 500.0
Evaluating the policy...
[20000] episode/eval_score 52.1 / episode/eval_length 500.0
[20544] train/dyn_entropy 26.0 / train/rep_entropy 23.3 / train/ret 0.4 / train/ret_005 124.2 / train/ret_095 147.0 / train/adv -0.0 / train/adv_std 0.1 / train/con 1.0 / train/rew 0.1 / train/val 134.5 / train/tar 133.3 / train/slowval 134.2 / train/weight 1.0 / train/action_entropy -4.6 / train/action_mean -0.1 / train/action_std 0.6 / train/action_min -1.5 / train/action_max 1.3 / train/ret_replay_mean 129.6 / train/ret_replay_std 9.2 / train/ret_replay_min 119.3 / train/ret_replay_max 143.8 / train/value_replay_mean 131.9 / train/value_replay_std 8.0 / train/value_replay_min 121.4 / train/value_replay_max 143.7 / train/slow_value_replay_mean 131.5 / train/slow_value_replay_std 8.0 / train/slow_value_replay_min 120.8 / train/slow_value_replay_max 143.5 / train/loss/dyn 2.0 / train/loss/rep 2.0 / train/loss/height 0.0 / train/loss/orientations 0.2 / train/loss/velocity 0.4 / train/loss/rew 0.6 / train/loss/con 0.0 / train/loss/policy 0.2 / train/loss/value 1.1 / train/loss/repval 1.3 / train/opt/loss 5.2 / train/opt/lr 0.0 / train/opt/grad_scale 8192.0 / train/opt/updates 21300.0 / fps/fps 31.0
[25568] train/dyn_entropy 26.4 / train/rep_entropy 23.9 / train/ret 0.7 / train/ret_005 157.5 / train/ret_095 168.3 / train/adv 0.1 / train/adv_std 0.1 / train/con 1.0 / train/rew 0.3 / train/val 164.3 / train/tar 165.0 / train/slowval 164.3 / train/weight 1.0 / train/action_entropy -5.1 / train/action_mean -0.2 / train/action_std 0.6 / train/action_min -1.3 / train/action_max 1.3 / train/ret_replay_mean 160.6 / train/ret_replay_std 3.2 / train/ret_replay_min 153.6 / train/ret_replay_max 168.9 / train/value_replay_mean 160.8 / train/value_replay_std 3.5 / train/value_replay_min 154.9 / train/value_replay_max 167.7 / train/slow_value_replay_mean 160.7 / train/slow_value_replay_std 3.7 / train/slow_value_replay_min 154.5 / train/slow_value_replay_max 167.8 / train/loss/dyn 2.1 / train/loss/rep 2.1 / train/loss/height 0.0 / train/loss/orientations 0.2 / train/loss/velocity 0.4 / train/loss/rew 0.6 / train/loss/con 0.0 / train/loss/policy -0.4 / train/loss/value 1.3 / train/loss/repval 1.1 / train/opt/loss 4.7 / train/opt/lr 0.0 / train/opt/grad_scale 16384.0 / train/opt/updates 26659.0 / fps/fps 32.4
Evaluating the policy...
[30016] episode/eval_score 150.9 / episode/eval_length 500.0
[30560] train/dyn_entropy 26.0 / train/rep_entropy 23.0 / train/ret 0.7 / train/ret_005 178.3 / train/ret_095 190.2 / train/adv 0.1 / train/adv_std 0.2 / train/con 1.0 / train/rew 0.3 / train/val 185.9 / train/tar 186.7 / train/slowval 185.2 / train/weight 1.0 / train/action_entropy -5.2 / train/action_mean -0.1 / train/action_std 0.6 / train/action_min -1.3 / train/action_max 1.3 / train/ret_replay_mean 181.3 / train/ret_replay_std 5.1 / train/ret_replay_min 171.8 / train/ret_replay_max 193.0 / train/value_replay_mean 181.5 / train/value_replay_std 4.2 / train/value_replay_min 174.4 / train/value_replay_max 190.9 / train/slow_value_replay_mean 181.1 / train/slow_value_replay_std 3.6 / train/slow_value_replay_min 174.9 / train/slow_value_replay_max 189.4 / train/loss/dyn 2.6 / train/loss/rep 2.6 / train/loss/height 0.0 / train/loss/orientations 0.2 / train/loss/velocity 0.5 / train/loss/rew 0.6 / train/loss/con 0.0 / train/loss/policy -0.4 / train/loss/value 1.0 / train/loss/repval 0.7 / train/opt/loss 4.9 / train/opt/lr 0.0 / train/opt/grad_scale 16384.0 / train/opt/updates 31983.0 / fps/fps 32.0
[32000] episode/score 162.6 / episode/length 500.0
[32001] episode/score 73.9 / episode/length 500.0
[32002] episode/score 208.7 / episode/length 500.0
[32003] episode/score 70.9 / episode/length 500.0
[32004] episode/score 96.8 / episode/length 500.0
[32005] episode/score 116.4 / episode/length 500.0
[32006] episode/score 107.5 / episode/length 500.0
[32007] episode/score 126.5 / episode/length 500.0
[32008] episode/score 54.6 / episode/length 500.0
[32009] episode/score 97.8 / episode/length 500.0
[32010] episode/score 105.5 / episode/length 500.0
[32011] episode/score 99.1 / episode/length 500.0
[32012] episode/score 71.0 / episode/length 500.0
[32013] episode/score 78.6 / episode/length 500.0
[32014] episode/score 58.0 / episode/length 500.0
[32015] episode/score 132.8 / episode/length 500.0
[35552] train/dyn_entropy 26.6 / train/rep_entropy 23.2 / train/ret 0.7 / train/ret_005 194.0 / train/ret_095 209.0 / train/adv 0.0 / train/adv_std 0.1 / train/con 1.0 / train/rew 0.4 / train/val 204.0 / train/tar 204.4 / train/slowval 204.0 / train/weight 1.0 / train/action_entropy -5.2 / train/action_mean -0.2 / train/action_std 0.6 / train/action_min -1.5 / train/action_max 1.3 / train/ret_replay_mean 199.5 / train/ret_replay_std 6.6 / train/ret_replay_min 187.3 / train/ret_replay_max 212.2 / train/value_replay_mean 200.3 / train/value_replay_std 5.6 / train/value_replay_min 190.3 / train/value_replay_max 209.3 / train/slow_value_replay_mean 200.5 / train/slow_value_replay_std 5.0 / train/slow_value_replay_min 191.5 / train/slow_value_replay_max 209.1 / train/loss/dyn 3.1 / train/loss/rep 3.1 / train/loss/height 0.0 / train/loss/orientations 0.2 / train/loss/velocity 0.5 / train/loss/rew 0.6 / train/loss/con 0.0 / train/loss/policy -0.2 / train/loss/value 0.9 / train/loss/repval 1.1 / train/opt/loss 5.7 / train/opt/lr 0.0 / train/opt/grad_scale 8192.0 / train/opt/updates 37308.0 / fps/fps 31.6
Evaluating the policy...
[40000] episode/eval_score 191.4 / episode/eval_length 500.0
[40544] train/dyn_entropy 25.8 / train/rep_entropy 23.0 / train/ret 0.6 / train/ret_005 215.0 / train/ret_095 228.4 / train/adv 0.1 / train/adv_std 0.1 / train/con 1.0 / train/rew 0.3 / train/val 222.8 / train/tar 223.4 / train/slowval 222.8 / train/weight 1.0 / train/action_entropy -5.2 / train/action_mean -0.2 / train/action_std 0.6 / train/action_min -1.3 / train/action_max 1.3 / train/ret_replay_mean 216.9 / train/ret_replay_std 5.0 / train/ret_replay_min 208.5 / train/ret_replay_max 230.9 / train/value_replay_mean 217.3 / train/value_replay_std 4.1 / train/value_replay_min 211.6 / train/value_replay_max 228.2 / train/slow_value_replay_mean 217.3 / train/slow_value_replay_std 4.2 / train/slow_value_replay_min 211.3 / train/slow_value_replay_max 228.5 / train/loss/dyn 2.6 / train/loss/rep 2.6 / train/loss/height 0.0 / train/loss/orientations 0.2 / train/loss/velocity 0.4 / train/loss/rew 0.6 / train/loss/con 0.0 / train/loss/policy -0.3 / train/loss/value 1.2 / train/loss/repval 0.9 / train/opt/loss 5.2 / train/opt/lr 0.0 / train/opt/grad_scale 16384.0 / train/opt/updates 42633.0 / fps/fps 32.1
[45568] train/dyn_entropy 25.1 / train/rep_entropy 22.3 / train/ret 0.6 / train/ret_005 245.1 / train/ret_095 260.1 / train/adv 0.1 / train/adv_std 0.2 / train/con 1.0 / train/rew 0.3 / train/val 253.8 / train/tar 254.5 / train/slowval 253.4 / train/weight 1.0 / train/action_entropy -5.2 / train/action_mean -0.1 / train/action_std 0.6 / train/action_min -1.3 / train/action_max 1.3 / train/ret_replay_mean 247.5 / train/ret_replay_std 6.9 / train/ret_replay_min 235.1 / train/ret_replay_max 264.4 / train/value_replay_mean 247.6 / train/value_replay_std 5.1 / train/value_replay_min 237.0 / train/value_replay_max 259.4 / train/slow_value_replay_mean 247.4 / train/slow_value_replay_std 4.6 / train/slow_value_replay_min 238.2 / train/slow_value_replay_max 258.2 / train/loss/dyn 2.8 / train/loss/rep 2.8 / train/loss/height 0.0 / train/loss/orientations 0.1 / train/loss/velocity 0.4 / train/loss/rew 0.6 / train/loss/con 0.0 / train/loss/policy -0.3 / train/loss/value 0.9 / train/loss/repval 0.7 / train/opt/loss 5.0 / train/opt/lr 0.0 / train/opt/grad_scale 8192.0 / train/opt/updates 47992.0 / fps/fps 32.3
[48000] episode/score 169.1 / episode/length 500.0
[48001] episode/score 224.3 / episode/length 500.0
[48002] episode/score 95.4 / episode/length 500.0
[48003] episode/score 175.8 / episode/length 500.0
[48004] episode/score 133.7 / episode/length 500.0
[48005] episode/score 204.2 / episode/length 500.0
[48006] episode/score 200.8 / episode/length 500.0
[48007] episode/score 231.0 / episode/length 500.0
[48008] episode/score 235.7 / episode/length 500.0
[48009] episode/score 209.7 / episode/length 500.0
[48010] episode/score 241.8 / episode/length 500.0
[48011] episode/score 117.8 / episode/length 500.0
[48012] episode/score 241.6 / episode/length 500.0
[48013] episode/score 220.6 / episode/length 500.0
[48014] episode/score 163.2 / episode/length 500.0
[48015] episode/score 207.3 / episode/length 500.0
Evaluating the policy...
[50016] episode/eval_score 245.5 / episode/eval_length 500.0
[50560] train/dyn_entropy 26.4 / train/rep_entropy 22.8 / train/ret 0.6 / train/ret_005 265.3 / train/ret_095 279.3 / train/adv 0.0 / train/adv_std 0.1 / train/con 1.0 / train/rew 0.3 / train/val 273.1 / train/tar 273.2 / train/slowval 273.0 / train/weight 1.0 / train/action_entropy -5.2 / train/action_mean -0.2 / train/action_std 0.6 / train/action_min -1.3 / train/action_max 1.3 / train/ret_replay_mean 266.3 / train/ret_replay_std 4.7 / train/ret_replay_min 258.0 / train/ret_replay_max 279.9 / train/value_replay_mean 266.6 / train/value_replay_std 4.2 / train/value_replay_min 257.2 / train/value_replay_max 277.5 / train/slow_value_replay_mean 266.5 / train/slow_value_replay_std 4.3 / train/slow_value_replay_min 256.7 / train/slow_value_replay_max 277.6 / train/loss/dyn 3.3 / train/loss/rep 3.3 / train/loss/height 0.0 / train/loss/orientations 0.2 / train/loss/velocity 0.5 / train/loss/rew 0.6 / train/loss/con 0.0 / train/loss/policy -0.1 / train/loss/value 1.3 / train/loss/repval 1.3 / train/opt/loss 6.5 / train/opt/lr 0.0 / train/opt/grad_scale 8192.0 / train/opt/updates 53317.0 / fps/fps 31.2
[55552] train/dyn_entropy 25.6 / train/rep_entropy 22.9 / train/ret 0.6 / train/ret_005 267.6 / train/ret_095 280.9 / train/adv 0.0 / train/adv_std 0.1 / train/con 1.0 / train/rew 0.4 / train/val 275.8 / train/tar 275.9 / train/slowval 275.7 / train/weight 1.0 / train/action_entropy -5.3 / train/action_mean -0.2 / train/action_std 0.6 / train/action_min -1.3 / train/action_max 1.3 / train/ret_replay_mean 267.7 / train/ret_replay_std 5.5 / train/ret_replay_min 257.7 / train/ret_replay_max 280.2 / train/value_replay_mean 269.0 / train/value_replay_std 4.2 / train/value_replay_min 260.2 / train/value_replay_max 279.3 / train/slow_value_replay_mean 269.1 / train/slow_value_replay_std 4.1 / train/slow_value_replay_min 260.4 / train/slow_value_replay_max 279.1 / train/loss/dyn 2.8 / train/loss/rep 2.8 / train/loss/height 0.0 / train/loss/orientations 0.1 / train/loss/velocity 0.4 / train/loss/rew 0.5 / train/loss/con 0.0 / train/loss/policy -0.1 / train/loss/value 1.2 / train/loss/repval 1.3 / train/opt/loss 5.7 / train/opt/lr 0.0 / train/opt/grad_scale 8192.0 / train/opt/updates 58642.0 / fps/fps 32.0
Evaluating the policy...
[60000] episode/eval_score 273.9 / episode/eval_length 500.0
[60544] train/dyn_entropy 25.4 / train/rep_entropy 23.0 / train/ret 0.5 / train/ret_005 279.7 / train/ret_095 294.5 / train/adv 0.0 / train/adv_std 0.1 / train/con 1.0 / train/rew 0.4 / train/val 287.8 / train/tar 287.8 / train/slowval 287.7 / train/weight 1.0 / train/action_entropy -5.3 / train/action_mean -0.2 / train/action_std 0.6 / train/action_min -1.3 / train/action_max 1.3 / train/ret_replay_mean 279.6 / train/ret_replay_std 5.2 / train/ret_replay_min 269.0 / train/ret_replay_max 288.5 / train/value_replay_mean 281.2 / train/value_replay_std 4.7 / train/value_replay_min 270.7 / train/value_replay_max 290.4 / train/slow_value_replay_mean 281.0 / train/slow_value_replay_std 4.8 / train/slow_value_replay_min 270.2 / train/slow_value_replay_max 290.5 / train/loss/dyn 2.4 / train/loss/rep 2.4 / train/loss/height 0.0 / train/loss/orientations 0.1 / train/loss/velocity 0.4 / train/loss/rew 0.6 / train/loss/con 0.0 / train/loss/policy -0.0 / train/loss/value 0.6 / train/loss/repval 1.0 / train/opt/loss 4.6 / train/opt/lr 0.0 / train/opt/grad_scale 8192.0 / train/opt/updates 63966.0 / fps/fps 31.7
[64000] episode/score 217.4 / episode/length 500.0
[64001] episode/score 227.5 / episode/length 500.0
[64002] episode/score 237.5 / episode/length 500.0
[64003] episode/score 255.5 / episode/length 500.0
[64004] episode/score 276.6 / episode/length 500.0
[64005] episode/score 284.6 / episode/length 500.0
[64006] episode/score 250.6 / episode/length 500.0
[64007] episode/score 296.4 / episode/length 500.0
[64008] episode/score 260.4 / episode/length 500.0
[64009] episode/score 305.9 / episode/length 500.0
[64010] episode/score 258.3 / episode/length 500.0
[64011] episode/score 205.9 / episode/length 500.0
[64012] episode/score 198.1 / episode/length 500.0
[64013] episode/score 302.8 / episode/length 500.0
[64014] episode/score 255.7 / episode/length 500.0
[64015] episode/score 128.3 / episode/length 500.0
[65568] train/dyn_entropy 25.6 / train/rep_entropy 22.6 / train/ret 0.6 / train/ret_005 288.8 / train/ret_095 302.8 / train/adv 0.0 / train/adv_std 0.2 / train/con 1.0 / train/rew 0.4 / train/val 296.7 / train/tar 296.8 / train/slowval 296.8 / train/weight 1.0 / train/action_entropy -5.2 / train/action_mean -0.1 / train/action_std 0.6 / train/action_min -1.3 / train/action_max 1.3 / train/ret_replay_mean 289.1 / train/ret_replay_std 5.7 / train/ret_replay_min 275.9 / train/ret_replay_max 301.7 / train/value_replay_mean 290.3 / train/value_replay_std 4.4 / train/value_replay_min 278.8 / train/value_replay_max 301.4 / train/slow_value_replay_mean 290.2 / train/slow_value_replay_std 4.5 / train/slow_value_replay_min 278.1 / train/slow_value_replay_max 301.5 / train/loss/dyn 2.8 / train/loss/rep 2.8 / train/loss/height 0.0 / train/loss/orientations 0.1 / train/loss/velocity 0.4 / train/loss/rew 0.6 / train/loss/con 0.0 / train/loss/policy -0.1 / train/loss/value 0.8 / train/loss/repval 0.6 / train/opt/loss 5.2 / train/opt/lr 0.0 / train/opt/grad_scale 4096.0 / train/opt/updates 69325.0 / fps/fps 31.5
Evaluating the policy...
[70016] episode/eval_score 308.4 / episode/eval_length 500.0
[70560] train/dyn_entropy 26.1 / train/rep_entropy 22.2 / train/ret 0.6 / train/ret_005 310.6 / train/ret_095 325.1 / train/adv 0.0 / train/adv_std 0.1 / train/con 1.0 / train/rew 0.5 / train/val 319.1 / train/tar 319.4 / train/slowval 319.2 / train/weight 1.0 / train/action_entropy -5.3 / train/action_mean -0.2 / train/action_std 0.6 / train/action_min -1.4 / train/action_max 1.3 / train/ret_replay_mean 310.9 / train/ret_replay_std 6.5 / train/ret_replay_min 297.3 / train/ret_replay_max 323.0 / train/value_replay_mean 312.7 / train/value_replay_std 5.7 / train/value_replay_min 300.0 / train/value_replay_max 324.0 / train/slow_value_replay_mean 312.8 / train/slow_value_replay_std 5.6 / train/slow_value_replay_min 300.1 / train/slow_value_replay_max 324.1 / train/loss/dyn 3.8 / train/loss/rep 3.8 / train/loss/height 0.0 / train/loss/orientations 0.1 / train/loss/velocity 0.4 / train/loss/rew 0.6 / train/loss/con 0.0 / train/loss/policy -0.2 / train/loss/value 1.3 / train/loss/repval 1.3 / train/opt/loss 6.9 / train/opt/lr 0.0 / train/opt/grad_scale 8192.0 / train/opt/updates 74650.0 / fps/fps 31.6
[75552] train/dyn_entropy 25.5 / train/rep_entropy 22.3 / train/ret 0.6 / train/ret_005 326.2 / train/ret_095 339.9 / train/adv -0.0 / train/adv_std 0.1 / train/con 1.0 / train/rew 0.6 / train/val 334.4 / train/tar 334.2 / train/slowval 334.5 / train/weight 1.0 / train/action_entropy -5.3 / train/action_mean -0.2 / train/action_std 0.6 / train/action_min -1.3 / train/action_max 1.3 / train/ret_replay_mean 326.4 / train/ret_replay_std 5.1 / train/ret_replay_min 313.8 / train/ret_replay_max 339.6 / train/value_replay_mean 328.5 / train/value_replay_std 5.0 / train/value_replay_min 317.2 / train/value_replay_max 338.5 / train/slow_value_replay_mean 328.7 / train/slow_value_replay_std 5.0 / train/slow_value_replay_min 317.6 / train/slow_value_replay_max 338.8 / train/loss/dyn 3.2 / train/loss/rep 3.2 / train/loss/height 0.0 / train/loss/orientations 0.1 / train/loss/velocity 0.4 / train/loss/rew 0.6 / train/loss/con 0.0 / train/loss/policy 0.0 / train/loss/value 0.5 / train/loss/repval 1.0 / train/opt/loss 5.5 / train/opt/lr 0.0 / train/opt/grad_scale 4096.0 / train/opt/updates 79975.0 / fps/fps 32.6
Evaluating the policy...
[80000] episode/eval_score 330.3 / episode/eval_length 500.0
[80000] episode/score 353.9 / episode/length 500.0
[80001] episode/score 410.7 / episode/length 500.0
[80002] episode/score 377.9 / episode/length 500.0
[80003] episode/score 310.1 / episode/length 500.0
[80004] episode/score 352.4 / episode/length 500.0
[80005] episode/score 336.6 / episode/length 500.0
[80006] episode/score 289.8 / episode/length 500.0
[80007] episode/score 342.6 / episode/length 500.0
[80008] episode/score 324.4 / episode/length 500.0
[80009] episode/score 403.3 / episode/length 500.0
[80010] episode/score 372.3 / episode/length 500.0
[80011] episode/score 346.0 / episode/length 500.0
[80012] episode/score 321.3 / episode/length 500.0
[80013] episode/score 355.2 / episode/length 500.0
[80014] episode/score 318.0 / episode/length 500.0
[80015] episode/score 306.7 / episode/length 500.0
[80544] train/dyn_entropy 26.0 / train/rep_entropy 22.3 / train/ret 0.7 / train/ret_005 333.6 / train/ret_095 347.0 / train/adv 0.0 / train/adv_std 0.1 / train/con 1.0 / train/rew 0.6 / train/val 342.2 / train/tar 342.4 / train/slowval 341.6 / train/weight 1.0 / train/action_entropy -5.3 / train/action_mean -0.2 / train/action_std 0.6 / train/action_min -1.3 / train/action_max 1.3 / train/ret_replay_mean 334.1 / train/ret_replay_std 6.0 / train/ret_replay_min 322.6 / train/ret_replay_max 348.2 / train/value_replay_mean 336.1 / train/value_replay_std 4.6 / train/value_replay_min 325.6 / train/value_replay_max 347.2 / train/slow_value_replay_mean 335.0 / train/slow_value_replay_std 5.1 / train/slow_value_replay_min 323.2 / train/slow_value_replay_max 346.4 / train/loss/dyn 4.0 / train/loss/rep 4.0 / train/loss/height 0.0 / train/loss/orientations 0.1 / train/loss/velocity 0.4 / train/loss/rew 0.6 / train/loss/con 0.0 / train/loss/policy -0.2 / train/loss/value 0.6 / train/loss/repval 0.7 / train/opt/loss 6.2 / train/opt/lr 0.0 / train/opt/grad_scale 8192.0 / train/opt/updates 85300.0 / fps/fps 31.3
[85568] train/dyn_entropy 26.0 / train/rep_entropy 22.8 / train/ret 0.8 / train/ret_005 348.9 / train/ret_095 365.1 / train/adv 0.0 / train/adv_std 0.1 / train/con 1.0 / train/rew 0.6 / train/val 360.9 / train/tar 361.1 / train/slowval 360.0 / train/weight 1.0 / train/action_entropy -5.3 / train/action_mean -0.2 / train/action_std 0.7 / train/action_min -1.4 / train/action_max 1.3 / train/ret_replay_mean 353.2 / train/ret_replay_std 5.3 / train/ret_replay_min 339.3 / train/ret_replay_max 365.7 / train/value_replay_mean 353.5 / train/value_replay_std 5.9 / train/value_replay_min 340.8 / train/value_replay_max 366.1 / train/slow_value_replay_mean 352.7 / train/slow_value_replay_std 5.8 / train/slow_value_replay_min 340.6 / train/slow_value_replay_max 365.2 / train/loss/dyn 3.5 / train/loss/rep 3.5 / train/loss/height 0.0 / train/loss/orientations 0.1 / train/loss/velocity 0.5 / train/loss/rew 0.6 / train/loss/con 0.0 / train/loss/policy -0.1 / train/loss/value 1.3 / train/loss/repval 1.1 / train/opt/loss 6.5 / train/opt/lr 0.0 / train/opt/grad_scale 8192.0 / train/opt/updates 90659.0 / fps/fps 33.4
Evaluating the policy...
[90016] episode/eval_score 342.0 / episode/eval_length 500.0
[90560] train/dyn_entropy 26.2 / train/rep_entropy 23.1 / train/ret 0.5 / train/ret_005 348.0 / train/ret_095 361.6 / train/adv 0.0 / train/adv_std 0.1 / train/con 1.0 / train/rew 0.5 / train/val 354.7 / train/tar 354.6 / train/slowval 355.6 / train/weight 1.0 / train/action_entropy -5.3 / train/action_mean -0.2 / train/action_std 0.6 / train/action_min -1.4 / train/action_max 1.3 / train/ret_replay_mean 346.4 / train/ret_replay_std 5.9 / train/ret_replay_min 335.0 / train/ret_replay_max 358.6 / train/value_replay_mean 347.5 / train/value_replay_std 5.1 / train/value_replay_min 337.0 / train/value_replay_max 359.3 / train/slow_value_replay_mean 348.1 / train/slow_value_replay_std 5.3 / train/slow_value_replay_min 338.2 / train/slow_value_replay_max 359.9 / train/loss/dyn 2.8 / train/loss/rep 2.8 / train/loss/height 0.0 / train/loss/orientations 0.1 / train/loss/velocity 0.4 / train/loss/rew 0.5 / train/loss/con 0.0 / train/loss/policy -0.1 / train/loss/value 1.1 / train/loss/repval 0.8 / train/opt/loss 5.5 / train/opt/lr 0.0 / train/opt/grad_scale 16384.0 / train/opt/updates 95983.0 / fps/fps 31.2
[95552] train/dyn_entropy 25.9 / train/rep_entropy 22.6 / train/ret 0.7 / train/ret_005 349.8 / train/ret_095 363.9 / train/adv 0.0 / train/adv_std 0.1 / train/con 1.0 / train/rew 0.6 / train/val 359.0 / train/tar 359.1 / train/slowval 358.9 / train/weight 1.0 / train/action_entropy -5.3 / train/action_mean -0.2 / train/action_std 0.7 / train/action_min -1.3 / train/action_max 1.3 / train/ret_replay_mean 351.7 / train/ret_replay_std 5.5 / train/ret_replay_min 338.9 / train/ret_replay_max 363.9 / train/value_replay_mean 352.3 / train/value_replay_std 5.4 / train/value_replay_min 339.8 / train/value_replay_max 363.2 / train/slow_value_replay_mean 352.3 / train/slow_value_replay_std 5.3 / train/slow_value_replay_min 339.7 / train/slow_value_replay_max 363.4 / train/loss/dyn 3.3 / train/loss/rep 3.3 / train/loss/height 0.0 / train/loss/orientations 0.1 / train/loss/velocity 0.4 / train/loss/rew 0.6 / train/loss/con 0.0 / train/loss/policy -0.1 / train/loss/value 1.2 / train/loss/repval 1.0 / train/opt/loss 6.2 / train/opt/lr 0.0 / train/opt/grad_scale 8192.0 / train/opt/updates 101308.0 / fps/fps 34.1
[96000] episode/score 376.5 / episode/length 500.0
[96001] episode/score 357.8 / episode/length 500.0
[96002] episode/score 343.0 / episode/length 500.0
[96003] episode/score 367.5 / episode/length 500.0
[96004] episode/score 380.5 / episode/length 500.0
[96005] episode/score 324.5 / episode/length 500.0
[96006] episode/score 313.0 / episode/length 500.0
[96007] episode/score 338.0 / episode/length 500.0
[96008] episode/score 266.3 / episode/length 500.0
[96009] episode/score 282.4 / episode/length 500.0
[96010] episode/score 285.9 / episode/length 500.0
[96011] episode/score 322.1 / episode/length 500.0
[96012] episode/score 343.8 / episode/length 500.0
[96013] episode/score 246.8 / episode/length 500.0
[96014] episode/score 413.9 / episode/length 500.0
[96015] episode/score 325.2 / episode/length 500.0
Evaluating the policy...
[100000] episode/eval_score 382.8 / episode/eval_length 500.0
[100544] train/dyn_entropy 25.6 / train/rep_entropy 22.7 / train/ret 0.7 / train/ret_005 356.6 / train/ret_095 373.0 / train/adv 0.0 / train/adv_std 0.1 / train/con 1.0 / train/rew 0.7 / train/val 368.0 / train/tar 368.4 / train/slowval 367.6 / train/weight 1.0 / train/action_entropy -5.3 / train/action_mean -0.2 / train/action_std 0.7 / train/action_min -1.4 / train/action_max 1.3 / train/ret_replay_mean 360.0 / train/ret_replay_std 7.2 / train/ret_replay_min 340.3 / train/ret_replay_max 372.6 / train/value_replay_mean 361.2 / train/value_replay_std 6.3 / train/value_replay_min 346.5 / train/value_replay_max 372.6 / train/slow_value_replay_mean 360.8 / train/slow_value_replay_std 6.3 / train/slow_value_replay_min 346.3 / train/slow_value_replay_max 372.3 / train/loss/dyn 2.6 / train/loss/rep 2.6 / train/loss/height 0.0 / train/loss/orientations 0.1 / train/loss/velocity 0.4 / train/loss/rew 0.6 / train/loss/con 0.0 / train/loss/policy -0.2 / train/loss/value 1.3 / train/loss/repval 1.3 / train/opt/loss 5.5 / train/opt/lr 0.0 / train/opt/grad_scale 8192.0 / train/opt/updates 106633.0 / fps/fps 30.6
[105568] train/dyn_entropy 26.2 / train/rep_entropy 22.9 / train/ret 0.7 / train/ret_005 358.9 / train/ret_095 374.1 / train/adv 0.0 / train/adv_std 0.1 / train/con 1.0 / train/rew 0.7 / train/val 369.2 / train/tar 369.5 / train/slowval 369.4 / train/weight 1.0 / train/action_entropy -5.3 / train/action_mean -0.2 / train/action_std 0.7 / train/action_min -1.4 / train/action_max 1.3 / train/ret_replay_mean 362.5 / train/ret_replay_std 6.4 / train/ret_replay_min 348.1 / train/ret_replay_max 374.4 / train/value_replay_mean 363.4 / train/value_replay_std 6.0 / train/value_replay_min 348.2 / train/value_replay_max 373.9 / train/slow_value_replay_mean 363.6 / train/slow_value_replay_std 6.1 / train/slow_value_replay_min 348.3 / train/slow_value_replay_max 374.1 / train/loss/dyn 2.9 / train/loss/rep 2.9 / train/loss/height 0.0 / train/loss/orientations 0.1 / train/loss/velocity 0.3 / train/loss/rew 0.6 / train/loss/con 0.0 / train/loss/policy -0.2 / train/loss/value 1.3 / train/loss/repval 1.3 / train/opt/loss 5.8 / train/opt/lr 0.0 / train/opt/grad_scale 8192.0 / train/opt/updates 111992.0 / fps/fps 34.2
Evaluating the policy...
[110016] episode/eval_score 392.9 / episode/eval_length 500.0
[110560] train/dyn_entropy 25.9 / train/rep_entropy 22.5 / train/ret 0.6 / train/ret_005 361.9 / train/ret_095 376.6 / train/adv 0.0 / train/adv_std 0.1 / train/con 1.0 / train/rew 0.6 / train/val 370.1 / train/tar 370.1 / train/slowval 370.7 / train/weight 1.0 / train/action_entropy -5.3 / train/action_mean -0.2 / train/action_std 0.7 / train/action_min -1.4 / train/action_max 1.3 / train/ret_replay_mean 362.2 / train/ret_replay_std 9.5 / train/ret_replay_min 344.1 / train/ret_replay_max 376.0 / train/value_replay_mean 363.8 / train/value_replay_std 7.8 / train/value_replay_min 349.9 / train/value_replay_max 375.3 / train/slow_value_replay_mean 364.4 / train/slow_value_replay_std 7.9 / train/slow_value_replay_min 350.2 / train/slow_value_replay_max 376.3 / train/loss/dyn 3.9 / train/loss/rep 3.9 / train/loss/height 0.0 / train/loss/orientations 0.1 / train/loss/velocity 0.4 / train/loss/rew 0.7 / train/loss/con 0.0 / train/loss/policy -0.1 / train/loss/value 1.3 / train/loss/repval 1.3 / train/opt/loss 7.1 / train/opt/lr 0.0 / train/opt/grad_scale 8192.0 / train/opt/updates 117317.0 / fps/fps 30.7
[112000] episode/score 388.1 / episode/length 500.0
[112001] episode/score 312.0 / episode/length 500.0
[112002] episode/score 412.2 / episode/length 500.0
[112003] episode/score 287.8 / episode/length 500.0
[112004] episode/score 320.8 / episode/length 500.0
[112005] episode/score 378.2 / episode/length 500.0
[112006] episode/score 411.1 / episode/length 500.0
[112007] episode/score 396.0 / episode/length 500.0
[112008] episode/score 396.2 / episode/length 500.0
[112009] episode/score 359.8 / episode/length 500.0
[112010] episode/score 392.5 / episode/length 500.0
[112011] episode/score 421.0 / episode/length 500.0
[112012] episode/score 395.4 / episode/length 500.0
[112013] episode/score 307.8 / episode/length 500.0
[112014] episode/score 340.1 / episode/length 500.0
[112015] episode/score 313.6 / episode/length 500.0
[115552] train/dyn_entropy 27.4 / train/rep_entropy 23.6 / train/ret 0.7 / train/ret_005 364.6 / train/ret_095 379.2 / train/adv 0.0 / train/adv_std 0.1 / train/con 1.0 / train/rew 0.7 / train/val 374.2 / train/tar 374.5 / train/slowval 374.1 / train/weight 1.0 / train/action_entropy -5.3 / train/action_mean -0.2 / train/action_std 0.7 / train/action_min -1.3 / train/action_max 1.3 / train/ret_replay_mean 367.1 / train/ret_replay_std 7.3 / train/ret_replay_min 350.7 / train/ret_replay_max 379.7 / train/value_replay_mean 368.0 / train/value_replay_std 6.5 / train/value_replay_min 354.3 / train/value_replay_max 378.0 / train/slow_value_replay_mean 368.0 / train/slow_value_replay_std 6.5 / train/slow_value_replay_min 354.1 / train/slow_value_replay_max 377.8 / train/loss/dyn 3.7 / train/loss/rep 3.7 / train/loss/height 0.0 / train/loss/orientations 0.1 / train/loss/velocity 0.4 / train/loss/rew 0.6 / train/loss/con 0.0 / train/loss/policy -0.2 / train/loss/value 1.3 / train/loss/repval 1.3 / train/opt/loss 6.7 / train/opt/lr 0.0 / train/opt/grad_scale 8192.0 / train/opt/updates 122642.0 / fps/fps 33.1
Evaluating the policy...
[120000] episode/eval_score 387.4 / episode/eval_length 500.0
[120544] train/dyn_entropy 27.1 / train/rep_entropy 23.5 / train/ret 0.7 / train/ret_005 372.5 / train/ret_095 387.0 / train/adv 0.0 / train/adv_std 0.1 / train/con 1.0 / train/rew 0.7 / train/val 382.6 / train/tar 382.6 / train/slowval 382.6 / train/weight 1.0 / train/action_entropy -5.3 / train/action_mean -0.2 / train/action_std 0.7 / train/action_min -1.4 / train/action_max 1.3 / train/ret_replay_mean 376.1 / train/ret_replay_std 6.3 / train/ret_replay_min 361.2 / train/ret_replay_max 387.0 / train/value_replay_mean 376.8 / train/value_replay_std 6.3 / train/value_replay_min 361.9 / train/value_replay_max 386.9 / train/slow_value_replay_mean 376.8 / train/slow_value_replay_std 6.3 / train/slow_value_replay_min 362.1 / train/slow_value_replay_max 386.9 / train/loss/dyn 3.3 / train/loss/rep 3.3 / train/loss/height 0.0 / train/loss/orientations 0.1 / train/loss/velocity 0.4 / train/loss/rew 0.6 / train/loss/con 0.0 / train/loss/policy -0.1 / train/loss/value 1.0 / train/loss/repval 1.2 / train/opt/loss 6.1 / train/opt/lr 0.0 / train/opt/grad_scale 8192.0 / train/opt/updates 127966.0 / fps/fps 30.4
[125568] train/dyn_entropy 25.7 / train/rep_entropy 22.5 / train/ret 0.6 / train/ret_005 381.0 / train/ret_095 394.9 / train/adv 0.0 / train/adv_std 0.1 / train/con 1.0 / train/rew 0.7 / train/val 389.5 / train/tar 389.7 / train/slowval 389.7 / train/weight 1.0 / train/action_entropy -5.3 / train/action_mean -0.2 / train/action_std 0.7 / train/action_min -1.3 / train/action_max 1.3 / train/ret_replay_mean 381.1 / train/ret_replay_std 7.8 / train/ret_replay_min 368.6 / train/ret_replay_max 396.6 / train/value_replay_mean 382.1 / train/value_replay_std 6.8 / train/value_replay_min 368.9 / train/value_replay_max 394.6 / train/slow_value_replay_mean 382.5 / train/slow_value_replay_std 6.8 / train/slow_value_replay_min 368.9 / train/slow_value_replay_max 395.0 / train/loss/dyn 3.4 / train/loss/rep 3.4 / train/loss/height 0.0 / train/loss/orientations 0.1 / train/loss/velocity 0.4 / train/loss/rew 0.6 / train/loss/con 0.0 / train/loss/policy -0.2 / train/loss/value 0.6 / train/loss/repval 1.0 / train/opt/loss 5.6 / train/opt/lr 0.0 / train/opt/grad_scale 8192.0 / train/opt/updates 133325.0 / fps/fps 33.6
[128000] episode/score 390.6 / episode/length 500.0
[128001] episode/score 453.3 / episode/length 500.0
[128002] episode/score 448.7 / episode/length 500.0
[128003] episode/score 466.5 / episode/length 500.0
[128004] episode/score 398.8 / episode/length 500.0
[128005] episode/score 437.9 / episode/length 500.0
[128006] episode/score 473.2 / episode/length 500.0
[128007] episode/score 419.5 / episode/length 500.0
[128008] episode/score 320.0 / episode/length 500.0
[128009] episode/score 415.3 / episode/length 500.0
[128010] episode/score 468.3 / episode/length 500.0
[128011] episode/score 499.2 / episode/length 500.0
[128012] episode/score 407.0 / episode/length 500.0
[128013] episode/score 390.7 / episode/length 500.0
[128014] episode/score 398.0 / episode/length 500.0
[128015] episode/score 372.7 / episode/length 500.0
Evaluating the policy...
[130016] episode/eval_score 403.3 / episode/eval_length 500.0
[130560] train/dyn_entropy 27.5 / train/rep_entropy 23.9 / train/ret 0.7 / train/ret_005 381.7 / train/ret_095 396.3 / train/adv 0.0 / train/adv_std 0.1 / train/con 1.0 / train/rew 0.7 / train/val 391.6 / train/tar 391.8 / train/slowval 391.5 / train/weight 1.0 / train/action_entropy -5.3 / train/action_mean -0.2 / train/action_std 0.7 / train/action_min -1.3 / train/action_max 1.3 / train/ret_replay_mean 384.7 / train/ret_replay_std 6.9 / train/ret_replay_min 368.9 / train/ret_replay_max 396.6 / train/value_replay_mean 385.2 / train/value_replay_std 6.6 / train/value_replay_min 369.4 / train/value_replay_max 395.9 / train/slow_value_replay_mean 384.9 / train/slow_value_replay_std 6.7 / train/slow_value_replay_min 368.9 / train/slow_value_replay_max 395.8 / train/loss/dyn 2.9 / train/loss/rep 2.9 / train/loss/height 0.0 / train/loss/orientations 0.1 / train/loss/velocity 0.4 / train/loss/rew 0.6 / train/loss/con 0.0 / train/loss/policy -0.1 / train/loss/value 0.5 / train/loss/repval 0.9 / train/opt/loss 4.9 / train/opt/lr 0.0 / train/opt/grad_scale 8192.0 / train/opt/updates 138650.0 / fps/fps 29.7
[135552] train/dyn_entropy 27.0 / train/rep_entropy 23.3 / train/ret 0.6 / train/ret_005 387.5 / train/ret_095 403.2 / train/adv -0.0 / train/adv_std 0.1 / train/con 1.0 / train/rew 0.8 / train/val 398.0 / train/tar 397.7 / train/slowval 397.7 / train/weight 1.0 / train/action_entropy -5.3 / train/action_mean -0.2 / train/action_std 0.6 / train/action_min -1.4 / train/action_max 1.3 / train/ret_replay_mean 391.3 / train/ret_replay_std 8.1 / train/ret_replay_min 375.5 / train/ret_replay_max 403.0 / train/value_replay_mean 393.4 / train/value_replay_std 6.8 / train/value_replay_min 377.9 / train/value_replay_max 402.7 / train/slow_value_replay_mean 392.7 / train/slow_value_replay_std 7.2 / train/slow_value_replay_min 376.1 / train/slow_value_replay_max 402.7 / train/loss/dyn 3.7 / train/loss/rep 3.7 / train/loss/height 0.0 / train/loss/orientations 0.1 / train/loss/velocity 0.3 / train/loss/rew 0.6 / train/loss/con 0.0 / train/loss/policy 0.0 / train/loss/value 0.5 / train/loss/repval 0.6 / train/opt/loss 5.8 / train/opt/lr 0.0 / train/opt/grad_scale 8192.0 / train/opt/updates 143975.0 / fps/fps 33.9
Evaluating the policy...
[140000] episode/eval_score 545.8 / episode/eval_length 500.0
[140544] train/dyn_entropy 26.3 / train/rep_entropy 23.2 / train/ret 0.7 / train/ret_005 397.0 / train/ret_095 412.2 / train/adv 0.0 / train/adv_std 0.1 / train/con 1.0 / train/rew 0.7 / train/val 406.8 / train/tar 406.9 / train/slowval 406.6 / train/weight 1.0 / train/action_entropy -5.3 / train/action_mean -0.2 / train/action_std 0.7 / train/action_min -1.3 / train/action_max 1.3 / train/ret_replay_mean 398.7 / train/ret_replay_std 7.3 / train/ret_replay_min 382.3 / train/ret_replay_max 412.2 / train/value_replay_mean 399.4 / train/value_replay_std 6.1 / train/value_replay_min 384.5 / train/value_replay_max 411.7 / train/slow_value_replay_mean 399.2 / train/slow_value_replay_std 6.0 / train/slow_value_replay_min 384.8 / train/slow_value_replay_max 411.6 / train/loss/dyn 3.1 / train/loss/rep 3.1 / train/loss/height 0.0 / train/loss/orientations 0.1 / train/loss/velocity 0.3 / train/loss/rew 0.5 / train/loss/con 0.0 / train/loss/policy -0.1 / train/loss/value 0.8 / train/loss/repval 0.6 / train/opt/loss 5.3 / train/opt/lr 0.0 / train/opt/grad_scale 8192.0 / train/opt/updates 149300.0 / fps/fps 30.8
[144000] episode/score 526.7 / episode/length 500.0
[144001] episode/score 529.1 / episode/length 500.0
[144002] episode/score 553.1 / episode/length 500.0
[144003] episode/score 547.8 / episode/length 500.0
[144004] episode/score 499.9 / episode/length 500.0
[144005] episode/score 454.1 / episode/length 500.0
[144006] episode/score 536.2 / episode/length 500.0
[144007] episode/score 442.1 / episode/length 500.0
[144008] episode/score 435.9 / episode/length 500.0
[144009] episode/score 481.4 / episode/length 500.0
[144010] episode/score 478.7 / episode/length 500.0
[144011] episode/score 452.4 / episode/length 500.0
[144012] episode/score 436.6 / episode/length 500.0
[144013] episode/score 420.9 / episode/length 500.0
[144014] episode/score 508.0 / episode/length 500.0
[144015] episode/score 463.9 / episode/length 500.0
[145568] train/dyn_entropy 27.1 / train/rep_entropy 23.9 / train/ret 0.6 / train/ret_005 411.4 / train/ret_095 427.3 / train/adv 0.0 / train/adv_std 0.1 / train/con 1.0 / train/rew 0.7 / train/val 420.9 / train/tar 420.6 / train/slowval 420.9 / train/weight 1.0 / train/action_entropy -5.3 / train/action_mean -0.2 / train/action_std 0.7 / train/action_min -1.3 / train/action_max 1.3 / train/ret_replay_mean 411.5 / train/ret_replay_std 7.5 / train/ret_replay_min 395.4 / train/ret_replay_max 424.5 / train/value_replay_mean 413.8 / train/value_replay_std 6.8 / train/value_replay_min 400.3 / train/value_replay_max 425.9 / train/slow_value_replay_mean 414.0 / train/slow_value_replay_std 6.8 / train/slow_value_replay_min 400.3 / train/slow_value_replay_max 426.0 / train/loss/dyn 3.3 / train/loss/rep 3.3 / train/loss/height 0.0 / train/loss/orientations 0.1 / train/loss/velocity 0.4 / train/loss/rew 0.6 / train/loss/con 0.0 / train/loss/policy -0.0 / train/loss/value 1.3 / train/loss/repval 1.1 / train/opt/loss 6.2 / train/opt/lr 0.0 / train/opt/grad_scale 4096.0 / train/opt/updates 154659.0 / fps/fps 33.1
Evaluating the policy...
[150016] episode/eval_score 588.5 / episode/eval_length 500.0
[150560] train/dyn_entropy 27.7 / train/rep_entropy 23.9 / train/ret 0.7 / train/ret_005 424.7 / train/ret_095 441.3 / train/adv 0.1 / train/adv_std 0.1 / train/con 1.0 / train/rew 0.8 / train/val 435.6 / train/tar 436.1 / train/slowval 435.1 / train/weight 1.0 / train/action_entropy -5.3 / train/action_mean -0.2 / train/action_std 0.7 / train/action_min -1.3 / train/action_max 1.3 / train/ret_replay_mean 426.8 / train/ret_replay_std 8.6 / train/ret_replay_min 406.2 / train/ret_replay_max 439.6 / train/value_replay_mean 427.9 / train/value_replay_std 7.9 / train/value_replay_min 411.2 / train/value_replay_max 441.7 / train/slow_value_replay_mean 427.5 / train/slow_value_replay_std 7.7 / train/slow_value_replay_min 411.7 / train/slow_value_replay_max 440.8 / train/loss/dyn 3.7 / train/loss/rep 3.7 / train/loss/height 0.0 / train/loss/orientations 0.1 / train/loss/velocity 0.3 / train/loss/rew 0.6 / train/loss/con 0.0 / train/loss/policy -0.3 / train/loss/value 1.3 / train/loss/repval 1.3 / train/opt/loss 6.5 / train/opt/lr 0.0 / train/opt/grad_scale 4096.0 / train/opt/updates 159983.0 / fps/fps 30.3
[155552] train/dyn_entropy 28.6 / train/rep_entropy 25.1 / train/ret 0.7 / train/ret_005 435.8 / train/ret_095 452.5 / train/adv 0.0 / train/adv_std 0.1 / train/con 1.0 / train/rew 0.9 / train/val 446.9 / train/tar 447.0 / train/slowval 446.9 / train/weight 1.0 / train/action_entropy -5.3 / train/action_mean -0.2 / train/action_std 0.7 / train/action_min -1.5 / train/action_max 1.3 / train/ret_replay_mean 439.2 / train/ret_replay_std 9.3 / train/ret_replay_min 418.6 / train/ret_replay_max 452.5 / train/value_replay_mean 439.8 / train/value_replay_std 8.3 / train/value_replay_min 420.7 / train/value_replay_max 451.7 / train/slow_value_replay_mean 439.8 / train/slow_value_replay_std 8.4 / train/slow_value_replay_min 420.6 / train/slow_value_replay_max 451.7 / train/loss/dyn 3.3 / train/loss/rep 3.3 / train/loss/height 0.0 / train/loss/orientations 0.1 / train/loss/velocity 0.3 / train/loss/rew 0.6 / train/loss/con 0.0 / train/loss/policy -0.1 / train/loss/value 1.1 / train/loss/repval 1.2 / train/opt/loss 5.9 / train/opt/lr 0.0 / train/opt/grad_scale 16384.0 / train/opt/updates 165308.0 / fps/fps 33.1
Evaluating the policy...
[160000] episode/eval_score 628.0 / episode/eval_length 500.0
[160000] episode/score 532.2 / episode/length 500.0
[160001] episode/score 612.6 / episode/length 500.0
[160002] episode/score 568.0 / episode/length 500.0
[160003] episode/score 607.1 / episode/length 500.0
[160004] episode/score 508.3 / episode/length 500.0
[160005] episode/score 514.9 / episode/length 500.0
[160006] episode/score 559.5 / episode/length 500.0
[160007] episode/score 611.5 / episode/length 500.0
[160008] episode/score 584.9 / episode/length 500.0
[160009] episode/score 473.5 / episode/length 500.0
[160010] episode/score 603.0 / episode/length 500.0
[160011] episode/score 546.3 / episode/length 500.0
[160012] episode/score 559.9 / episode/length 500.0
[160013] episode/score 529.1 / episode/length 500.0
[160014] episode/score 596.7 / episode/length 500.0
[160015] episode/score 496.1 / episode/length 500.0
[160544] train/dyn_entropy 26.4 / train/rep_entropy 23.0 / train/ret 0.6 / train/ret_005 444.3 / train/ret_095 460.5 / train/adv 0.0 / train/adv_std 0.1 / train/con 1.0 / train/rew 0.9 / train/val 454.4 / train/tar 454.6 / train/slowval 454.3 / train/weight 1.0 / train/action_entropy -5.3 / train/action_mean -0.2 / train/action_std 0.7 / train/action_min -1.4 / train/action_max 1.3 / train/ret_replay_mean 445.6 / train/ret_replay_std 10.3 / train/ret_replay_min 428.0 / train/ret_replay_max 460.6 / train/value_replay_mean 447.6 / train/value_replay_std 8.2 / train/value_replay_min 427.7 / train/value_replay_max 460.1 / train/slow_value_replay_mean 447.5 / train/slow_value_replay_std 8.3 / train/slow_value_replay_min 427.7 / train/slow_value_replay_max 460.0 / train/loss/dyn 3.1 / train/loss/rep 3.1 / train/loss/height 0.0 / train/loss/orientations 0.1 / train/loss/velocity 0.4 / train/loss/rew 0.5 / train/loss/con 0.0 / train/loss/policy -0.1 / train/loss/value 0.7 / train/loss/repval 1.0 / train/opt/loss 5.3 / train/opt/lr 0.0 / train/opt/grad_scale 8192.0 / train/opt/updates 170633.0 / fps/fps 28.5
[165568] train/dyn_entropy 28.5 / train/rep_entropy 24.7 / train/ret 0.7 / train/ret_005 451.0 / train/ret_095 468.9 / train/adv 0.0 / train/adv_std 0.1 / train/con 1.0 / train/rew 0.9 / train/val 463.4 / train/tar 463.4 / train/slowval 463.6 / train/weight 1.0 / train/action_entropy -5.3 / train/action_mean -0.2 / train/action_std 0.7 / train/action_min -1.4 / train/action_max 1.4 / train/ret_replay_mean 456.3 / train/ret_replay_std 7.0 / train/ret_replay_min 436.7 / train/ret_replay_max 466.4 / train/value_replay_mean 457.6 / train/value_replay_std 7.1 / train/value_replay_min 436.2 / train/value_replay_max 466.7 / train/slow_value_replay_mean 457.6 / train/slow_value_replay_std 7.1 / train/slow_value_replay_min 436.3 / train/slow_value_replay_max 467.2 / train/loss/dyn 3.6 / train/loss/rep 3.6 / train/loss/height 0.0 / train/loss/orientations 0.1 / train/loss/velocity 0.4 / train/loss/rew 0.6 / train/loss/con 0.0 / train/loss/policy -0.1 / train/loss/value 0.3 / train/loss/repval 0.6 / train/opt/loss 5.4 / train/opt/lr 0.0 / train/opt/grad_scale 8192.0 / train/opt/updates 175992.0 / fps/fps 33.8
Evaluating the policy...
[170016] episode/eval_score 691.5 / episode/eval_length 500.0
[170560] train/dyn_entropy 28.4 / train/rep_entropy 24.9 / train/ret 0.6 / train/ret_005 461.2 / train/ret_095 478.3 / train/adv 0.0 / train/adv_std 0.1 / train/con 1.0 / train/rew 0.8 / train/val 471.4 / train/tar 471.5 / train/slowval 471.1 / train/weight 1.0 / train/action_entropy -5.3 / train/action_mean -0.2 / train/action_std 0.7 / train/action_min -1.4 / train/action_max 1.4 / train/ret_replay_mean 460.7 / train/ret_replay_std 10.1 / train/ret_replay_min 441.7 / train/ret_replay_max 478.8 / train/value_replay_mean 462.8 / train/value_replay_std 9.2 / train/value_replay_min 443.1 / train/value_replay_max 478.6 / train/slow_value_replay_mean 462.8 / train/slow_value_replay_std 9.0 / train/slow_value_replay_min 442.0 / train/slow_value_replay_max 478.0 / train/loss/dyn 3.7 / train/loss/rep 3.7 / train/loss/height 0.0 / train/loss/orientations 0.1 / train/loss/velocity 0.4 / train/loss/rew 0.6 / train/loss/con 0.0 / train/loss/policy -0.1 / train/loss/value 0.6 / train/loss/repval 0.7 / train/opt/loss 5.9 / train/opt/lr 0.0 / train/opt/grad_scale 8192.0 / train/opt/updates 181317.0 / fps/fps 30.7
[175552] train/dyn_entropy 27.6 / train/rep_entropy 24.5 / train/ret 0.7 / train/ret_005 471.8 / train/ret_095 489.2 / train/adv 0.0 / train/adv_std 0.1 / train/con 1.0 / train/rew 0.9 / train/val 483.6 / train/tar 483.7 / train/slowval 483.6 / train/weight 1.0 / train/action_entropy -5.3 / train/action_mean -0.2 / train/action_std 0.7 / train/action_min -1.3 / train/action_max 1.3 / train/ret_replay_mean 474.8 / train/ret_replay_std 8.1 / train/ret_replay_min 456.8 / train/ret_replay_max 488.9 / train/value_replay_mean 475.7 / train/value_replay_std 7.2 / train/value_replay_min 459.1 / train/value_replay_max 489.6 / train/slow_value_replay_mean 475.8 / train/slow_value_replay_std 7.3 / train/slow_value_replay_min 458.9 / train/slow_value_replay_max 489.7 / train/loss/dyn 3.0 / train/loss/rep 3.0 / train/loss/height 0.0 / train/loss/orientations 0.1 / train/loss/velocity 0.3 / train/loss/rew 0.6 / train/loss/con 0.0 / train/loss/policy -0.1 / train/loss/value 1.1 / train/loss/repval 0.8 / train/opt/loss 5.5 / train/opt/lr 0.0 / train/opt/grad_scale 8192.0 / train/opt/updates 186642.0 / fps/fps 34.6
[176000] episode/score 589.6 / episode/length 500.0
[176001] episode/score 674.7 / episode/length 500.0
[176002] episode/score 687.7 / episode/length 500.0
[176003] episode/score 676.0 / episode/length 500.0
[176004] episode/score 574.3 / episode/length 500.0
[176005] episode/score 659.4 / episode/length 500.0
[176006] episode/score 621.9 / episode/length 500.0
[176007] episode/score 631.2 / episode/length 500.0
[176008] episode/score 650.8 / episode/length 500.0
[176009] episode/score 668.1 / episode/length 500.0
[176010] episode/score 627.9 / episode/length 500.0
[176011] episode/score 637.1 / episode/length 500.0
[176012] episode/score 656.1 / episode/length 500.0
[176013] episode/score 681.0 / episode/length 500.0
[176014] episode/score 576.0 / episode/length 500.0
[176015] episode/score 633.5 / episode/length 500.0
Evaluating the policy...
[180000] episode/eval_score 685.1 / episode/eval_length 500.0
[180544] train/dyn_entropy 28.5 / train/rep_entropy 25.6 / train/ret 0.6 / train/ret_005 478.2 / train/ret_095 496.8 / train/adv 0.0 / train/adv_std 0.1 / train/con 1.0 / train/rew 0.8 / train/val 489.9 / train/tar 490.1 / train/slowval 489.9 / train/weight 1.0 / train/action_entropy -5.3 / train/action_mean -0.2 / train/action_std 0.7 / train/action_min -1.4 / train/action_max 1.4 / train/ret_replay_mean 479.9 / train/ret_replay_std 9.4 / train/ret_replay_min 460.4 / train/ret_replay_max 496.6 / train/value_replay_mean 481.0 / train/value_replay_std 8.6 / train/value_replay_min 464.1 / train/value_replay_max 496.6 / train/slow_value_replay_mean 481.0 / train/slow_value_replay_std 8.6 / train/slow_value_replay_min 464.3 / train/slow_value_replay_max 496.6 / train/loss/dyn 2.7 / train/loss/rep 2.7 / train/loss/height 0.0 / train/loss/orientations 0.1 / train/loss/velocity 0.3 / train/loss/rew 0.6 / train/loss/con 0.0 / train/loss/policy -0.1 / train/loss/value 1.2 / train/loss/repval 0.9 / train/opt/loss 5.3 / train/opt/lr 0.0 / train/opt/grad_scale 16384.0 / train/opt/updates 191966.0 / fps/fps 31.5
[185568] train/dyn_entropy 28.7 / train/rep_entropy 25.7 / train/ret 0.6 / train/ret_005 486.6 / train/ret_095 505.1 / train/adv 0.0 / train/adv_std 0.1 / train/con 1.0 / train/rew 0.8 / train/val 498.3 / train/tar 498.5 / train/slowval 497.7 / train/weight 1.0 / train/action_entropy -5.3 / train/action_mean -0.2 / train/action_std 0.7 / train/action_min -1.4 / train/action_max 1.4 / train/ret_replay_mean 487.0 / train/ret_replay_std 9.6 / train/ret_replay_min 469.1 / train/ret_replay_max 506.1 / train/value_replay_mean 488.2 / train/value_replay_std 9.0 / train/value_replay_min 469.5 / train/value_replay_max 505.5 / train/slow_value_replay_mean 487.8 / train/slow_value_replay_std 8.8 / train/slow_value_replay_min 469.3 / train/slow_value_replay_max 504.7 / train/loss/dyn 2.8 / train/loss/rep 2.8 / train/loss/height 0.0 / train/loss/orientations 0.1 / train/loss/velocity 0.3 / train/loss/rew 0.6 / train/loss/con 0.0 / train/loss/policy -0.1 / train/loss/value 1.3 / train/loss/repval 1.2 / train/opt/loss 5.6 / train/opt/lr 0.0 / train/opt/grad_scale 8192.0 / train/opt/updates 197325.0 / fps/fps 34.0
Evaluating the policy...
[190016] episode/eval_score 640.2 / episode/eval_length 500.0
[190560] train/dyn_entropy 29.6 / train/rep_entropy 26.8 / train/ret 0.7 / train/ret_005 494.1 / train/ret_095 511.9 / train/adv 0.0 / train/adv_std 0.1 / train/con 1.0 / train/rew 1.0 / train/val 506.8 / train/tar 506.8 / train/slowval 506.8 / train/weight 1.0 / train/action_entropy -5.3 / train/action_mean -0.3 / train/action_std 0.7 / train/action_min -1.3 / train/action_max 1.3 / train/ret_replay_mean 497.7 / train/ret_replay_std 8.7 / train/ret_replay_min 477.6 / train/ret_replay_max 512.7 / train/value_replay_mean 499.0 / train/value_replay_std 7.9 / train/value_replay_min 478.3 / train/value_replay_max 512.3 / train/slow_value_replay_mean 499.1 / train/slow_value_replay_std 7.9 / train/slow_value_replay_min 478.3 / train/slow_value_replay_max 512.3 / train/loss/dyn 3.0 / train/loss/rep 3.0 / train/loss/height 0.0 / train/loss/orientations 0.1 / train/loss/velocity 0.3 / train/loss/rew 0.6 / train/loss/con 0.0 / train/loss/policy -0.1 / train/loss/value 1.3 / train/loss/repval 1.3 / train/opt/loss 5.8 / train/opt/lr 0.0 / train/opt/grad_scale 8192.0 / train/opt/updates 202650.0 / fps/fps 32.4
[192000] episode/score 532.1 / episode/length 500.0
[192001] episode/score 572.8 / episode/length 500.0
[192002] episode/score 622.5 / episode/length 500.0
[192003] episode/score 662.9 / episode/length 500.0
[192004] episode/score 648.7 / episode/length 500.0
[192005] episode/score 723.6 / episode/length 500.0
[192006] episode/score 699.1 / episode/length 500.0
[192007] episode/score 710.2 / episode/length 500.0
[192008] episode/score 694.4 / episode/length 500.0
[192009] episode/score 669.4 / episode/length 500.0
[192010] episode/score 710.6 / episode/length 500.0
[192011] episode/score 546.8 / episode/length 500.0
[192012] episode/score 715.5 / episode/length 500.0
[192013] episode/score 662.7 / episode/length 500.0
[192014] episode/score 735.0 / episode/length 500.0
[192015] episode/score 699.6 / episode/length 500.0
[195552] train/dyn_entropy 28.0 / train/rep_entropy 24.3 / train/ret 0.7 / train/ret_005 496.1 / train/ret_095 514.7 / train/adv 0.0 / train/adv_std 0.1 / train/con 1.0 / train/rew 1.1 / train/val 509.9 / train/tar 510.0 / train/slowval 509.9 / train/weight 1.0 / train/action_entropy -5.3 / train/action_mean -0.3 / train/action_std 0.7 / train/action_min -1.4 / train/action_max 1.3 / train/ret_replay_mean 502.0 / train/ret_replay_std 7.3 / train/ret_replay_min 483.0 / train/ret_replay_max 514.3 / train/value_replay_mean 504.0 / train/value_replay_std 6.2 / train/value_replay_min 486.5 / train/value_replay_max 514.5 / train/slow_value_replay_mean 503.8 / train/slow_value_replay_std 6.4 / train/slow_value_replay_min 485.4 / train/slow_value_replay_max 514.5 / train/loss/dyn 3.3 / train/loss/rep 3.3 / train/loss/height 0.0 / train/loss/orientations 0.1 / train/loss/velocity 0.3 / train/loss/rew 0.6 / train/loss/con 0.0 / train/loss/policy -0.1 / train/loss/value 1.3 / train/loss/repval 1.4 / train/opt/loss 6.3 / train/opt/lr 0.0 / train/opt/grad_scale 8192.0 / train/opt/updates 207975.0 / fps/fps 33.2
Evaluating the policy...
[200000] episode/eval_score 717.2 / episode/eval_length 500.0
[200544] train/dyn_entropy 28.0 / train/rep_entropy 24.5 / train/ret 0.6 / train/ret_005 503.1 / train/ret_095 521.3 / train/adv 0.0 / train/adv_std 0.1 / train/con 1.0 / train/rew 0.9 / train/val 513.9 / train/tar 514.3 / train/slowval 513.8 / train/weight 1.0 / train/action_entropy -5.3 / train/action_mean -0.2 / train/action_std 0.7 / train/action_min -1.3 / train/action_max 1.3 / train/ret_replay_mean 503.6 / train/ret_replay_std 10.9 / train/ret_replay_min 481.9 / train/ret_replay_max 521.3 / train/value_replay_mean 504.4 / train/value_replay_std 9.1 / train/value_replay_min 488.1 / train/value_replay_max 521.2 / train/slow_value_replay_mean 504.2 / train/slow_value_replay_std 9.2 / train/slow_value_replay_min 487.5 / train/slow_value_replay_max 521.0 / train/loss/dyn 3.1 / train/loss/rep 3.1 / train/loss/height 0.0 / train/loss/orientations 0.1 / train/loss/velocity 0.3 / train/loss/rew 0.6 / train/loss/con 0.0 / train/loss/policy -0.2 / train/loss/value 1.3 / train/loss/repval 1.3 / train/opt/loss 5.8 / train/opt/lr 0.0 / train/opt/grad_scale 16384.0 / train/opt/updates 213300.0 / fps/fps 31.4
[205568] train/dyn_entropy 32.1 / train/rep_entropy 28.5 / train/ret 0.8 / train/ret_005 508.6 / train/ret_095 526.1 / train/adv 0.0 / train/adv_std 0.1 / train/con 1.0 / train/rew 1.2 / train/val 522.7 / train/tar 523.0 / train/slowval 522.0 / train/weight 1.0 / train/action_entropy -5.3 / train/action_mean -0.3 / train/action_std 0.7 / train/action_min -1.4 / train/action_max 1.3 / train/ret_replay_mean 515.0 / train/ret_replay_std 10.2 / train/ret_replay_min 493.2 / train/ret_replay_max 527.8 / train/value_replay_mean 515.8 / train/value_replay_std 9.5 / train/value_replay_min 493.5 / train/value_replay_max 527.1 / train/slow_value_replay_mean 514.9 / train/slow_value_replay_std 9.7 / train/slow_value_replay_min 492.4 / train/slow_value_replay_max 526.5 / train/loss/dyn 3.7 / train/loss/rep 3.7 / train/loss/height 0.0 / train/loss/orientations 0.1 / train/loss/velocity 0.3 / train/loss/rew 0.6 / train/loss/con 0.0 / train/loss/policy -0.1 / train/loss/value 1.1 / train/loss/repval 1.2 / train/opt/loss 6.3 / train/opt/lr 0.0 / train/opt/grad_scale 8192.0 / train/opt/updates 218659.0 / fps/fps 34.2
[208000] episode/score 682.5 / episode/length 500.0
[208001] episode/score 651.9 / episode/length 500.0
[208002] episode/score 711.4 / episode/length 500.0
[208003] episode/score 736.6 / episode/length 500.0
[208004] episode/score 736.2 / episode/length 500.0
[208005] episode/score 733.1 / episode/length 500.0
[208006] episode/score 634.1 / episode/length 500.0
[208007] episode/score 708.7 / episode/length 500.0
[208008] episode/score 745.2 / episode/length 500.0
[208009] episode/score 745.1 / episode/length 500.0
[208010] episode/score 720.4 / episode/length 500.0
[208011] episode/score 740.0 / episode/length 500.0
[208012] episode/score 724.0 / episode/length 500.0
[208013] episode/score 542.7 / episode/length 500.0
[208014] episode/score 645.7 / episode/length 500.0
[208015] episode/score 697.9 / episode/length 500.0
